Component: ARM Compiler 5.06 update 7 (build 960) Tool: armlink [4d3601]

==============================================================================

Section Cross References

    main.o(i.app_task_atte) refers to _printf_pad.o(.text) for _printf_pre_padding
    main.o(i.app_task_atte) refers to _printf_percent.o(.ARM.Collect$$_printf_percent$$00000000) for _printf_percent
    main.o(i.app_task_atte) refers to _printf_d.o(.ARM.Collect$$_printf_percent$$00000009) for _printf_d
    main.o(i.app_task_atte) refers to _printf_dec.o(.text) for _printf_int_dec
    main.o(i.app_task_atte) refers to event_groups.o(i.xEventGroupWaitBits) for xEventGroupWaitBits
    main.o(i.app_task_atte) refers to fpm383f.o(i.fpm_ctrl_led) for fpm_ctrl_led
    main.o(i.app_task_atte) refers to main.o(i.dgb_printf_safe) for dgb_printf_safe
    main.o(i.app_task_atte) refers to queue.o(i.xQueueGenericSend) for xQueueGenericSend
    main.o(i.app_task_atte) refers to __2sprintf.o(.text) for __2sprintf
    main.o(i.app_task_atte) refers to fpm383f.o(i.fpm_idenify_auto) for fpm_idenify_auto
    main.o(i.app_task_atte) refers to event_groups.o(i.xEventGroupSetBits) for xEventGroupSetBits
    main.o(i.app_task_atte) refers to delay.o(i.Delay_ms) for Delay_ms
    main.o(i.app_task_atte) refers to fpm383f.o(i.fpm_sleep) for fpm_sleep
    main.o(i.app_task_atte) refers to main.o(.data) for .data
    main.o(i.app_task_beep) refers to event_groups.o(i.xEventGroupWaitBits) for xEventGroupWaitBits
    main.o(i.app_task_beep) refers to beep.o(i.beep_on) for beep_on
    main.o(i.app_task_beep) refers to delay.o(i.Delay_ms) for Delay_ms
    main.o(i.app_task_beep) refers to beep.o(i.beep_off) for beep_off
    main.o(i.app_task_beep) refers to main.o(.data) for .data
    main.o(i.app_task_init) refers to led.o(i.LED_Init) for LED_Init
    main.o(i.app_task_init) refers to keyboard.o(i.key_board_init) for key_board_init
    main.o(i.app_task_init) refers to oled.o(i.OLED_Init) for OLED_Init
    main.o(i.app_task_init) refers to oled.o(i.OLED_Clear) for OLED_Clear
    main.o(i.app_task_init) refers to key.o(i.key_init) for key_init
    main.o(i.app_task_init) refers to beep.o(i.beep_init) for beep_init
    main.o(i.app_task_init) refers to fpm383f.o(i.fpm_init) for fpm_init
    main.o(i.app_task_init) refers to stm32f4xx_flash.o(i.FLASH_Unlock) for FLASH_Unlock
    main.o(i.app_task_init) refers to stm32f4xx_flash.o(i.FLASH_ClearFlag) for FLASH_ClearFlag
    main.o(i.app_task_init) refers to flash.o(i.flash_read_record) for flash_read_record
    main.o(i.app_task_init) refers to strstr.o(.text) for strstr
    main.o(i.app_task_init) refers to rtc.o(i.rtc_init) for rtc_init
    main.o(i.app_task_init) refers to queue.o(i.xQueueCreateMutex) for xQueueCreateMutex
    main.o(i.app_task_init) refers to queue.o(i.xQueueGenericCreate) for xQueueGenericCreate
    main.o(i.app_task_init) refers to event_groups.o(i.xEventGroupCreate) for xEventGroupCreate
    main.o(i.app_task_init) refers to __2printf.o(.text) for __2printf
    main.o(i.app_task_init) refers to tasks.o(i.xTaskCreate) for xTaskCreate
    main.o(i.app_task_init) refers to oled.o(i.OLED_ShowString) for OLED_ShowString
    main.o(i.app_task_init) refers to oled.o(i.OLED_ShowCHinese) for OLED_ShowCHinese
    main.o(i.app_task_init) refers to tasks.o(i.vTaskDelete) for vTaskDelete
    main.o(i.app_task_init) refers to main.o(.data) for .data
    main.o(i.app_task_init) refers to main.o(i.app_task_oled) for app_task_oled
    main.o(i.app_task_init) refers to main.o(i.app_task_keyboard) for app_task_keyboard
    main.o(i.app_task_init) refers to main.o(i.app_task_led) for app_task_led
    main.o(i.app_task_init) refers to main.o(i.app_task_root) for app_task_root
    main.o(i.app_task_init) refers to main.o(i.app_task_atte) for app_task_atte
    main.o(i.app_task_init) refers to main.o(i.app_task_beep) for app_task_beep
    main.o(i.app_task_init) refers to main.o(i.app_task_rtc) for app_task_rtc
    main.o(i.app_task_init) refers to main.o(i.app_task_mod) for app_task_mod
    main.o(i.app_task_init) refers to main.o(i.app_task_show) for app_task_show
    main.o(i.app_task_keyboard) refers to _printf_percent.o(.ARM.Collect$$_printf_percent$$00000000) for _printf_percent
    main.o(i.app_task_keyboard) refers to _printf_s.o(.ARM.Collect$$_printf_percent$$00000014) for _printf_s
    main.o(i.app_task_keyboard) refers to _printf_str.o(.text) for _printf_str
    main.o(i.app_task_keyboard) refers to global.o(i.xor_encryption) for xor_encryption
    main.o(i.app_task_keyboard) refers to keyboard.o(i.get_key_board) for get_key_board
    main.o(i.app_task_keyboard) refers to main.o(i.dgb_printf_safe) for dgb_printf_safe
    main.o(i.app_task_keyboard) refers to event_groups.o(i.xEventGroupSetBits) for xEventGroupSetBits
    main.o(i.app_task_keyboard) refers to queue.o(i.xQueueGenericSend) for xQueueGenericSend
    main.o(i.app_task_keyboard) refers to __2sprintf.o(.text) for __2sprintf
[...]
    DCMI_IRQHandler                          0x080003cf   Thumb Code     0  startup_stm32f40_41xxx.o(.text)
    DMA1_Stream0_IRQHandler                  0x080003cf   Thumb Code     0  startup_stm32f40_41xxx.o(.text)
    DMA1_Stream1_IRQHandler                  0x080003cf   Thumb Code     0  startup_stm32f40_41xxx.o(.text)
    DMA1_Stream2_IRQHandler                  0x080003cf   Thumb Code     0  startup_stm32f40_41xxx.o(.text)
    DMA1_Stream3_IRQHandler                  0x080003cf   Thumb Code     0  startup_stm32f40_41xxx.o(.text)
    DMA1_Stream4_IRQHandler                  0x080003cf   Thumb Code     0  startup_stm32f40_41xxx.o(.text)
    DMA1_Stream5_IRQHandler                  0x080003cf   Thumb Code     0  startup_stm32f40_41xxx.o(.text)
    DMA1_Stream6_IRQHandler                  0x080003cf   Thumb Code     0  startup_stm32f40_41xxx.o(.text)
    DMA1_Stream7_IRQHandler                  0x080003cf   Thumb Code     0  startup_stm32f40_41xxx.o(.text)
    DMA2_Stream0_IRQHandler                  0x080003cf   Thumb Code     0  startup_stm32f40_41xxx.o(.text)
    DMA2_Stream1_IRQHandler                  0x080003cf   Thumb Code     0  startup_stm32f40_41xxx.o(.text)
    DMA2_Stream2_IRQHandler                  0x080003cf   Thumb Code     0  startup_stm32f40_41xxx.o(.text)
    DMA2_Stream3_IRQHandler                  0x080003cf   Thumb Code     0  startup_stm32f40_41xxx.o(.text)
    DMA2_Stream4_IRQHandler                  0x080003cf   Thumb Code     0  startup_stm32f40_41xxx.o(.text)
    DMA2_Stream5_IRQHandler                  0x080003cf   Thumb Code     0  startup_stm32f40_41xxx.o(.text)
    DMA2_Stream6_IRQHandler                  0x080003cf   Thumb Code     0  startup_stm32f40_41xxx.o(.text)
    DMA2_Stream7_IRQHandler                  0x080003cf   Thumb Code     0  startup_stm32f40_41xxx.o(.text)
    ETH_IRQHandler                           0x080003cf   Thumb Code     0  startup_stm32f40_41xxx.o(.text)
    ETH_WKUP_IRQHandler                      0x080003cf   Thumb Code     0  startup_stm32f40_41xxx.o(.text)
    EXTI15_10_IRQHandler                     0x080003cf   Thumb Code     0  startup_stm32f40_41xxx.o(.text)
    EXTI1_IRQHandler                         0x080003cf   Thumb Code     0  startup_stm32f40_41xxx.o(.text)
    FLASH_IRQHandler                         0x080003cf   Thumb Code     0  startup_stm32f40_41xxx.o(.text)
    FPU_IRQHandler                           0x080003cf   Thumb Code     0  startup_stm32f40_41xxx.o(.text)
    FSMC_IRQHandler                          0x080003cf   Thumb Code     0  startup_stm32f40_41xxx.o(.text)
    HASH_RNG_IRQHandler                      0x080003cf   Thumb Code     0  startup_stm32f40_41xxx.o(.text)
    I2C1_ER_IRQHandler                       0x080003cf   Thumb Code     0  startup_stm32f40_41xxx.o(.text)
    I2C1_EV_IRQHandler                       0x080003cf   Thumb Code     0  startup_stm32f40_41xxx.o(.text)
    I2C2_ER_IRQHandler                       0x080003cf   Thumb Code     0  startup_stm32f40_41xxx.o(.text)
    I2C2_EV_IRQHandler                       0x080003cf   Thumb Code     0  startup_stm32f40_41xxx.o(.text)
    I2C3_ER_IRQHandler                       0x080003cf   Thumb Code     0  startup_stm32f40_41xxx.o(.text)
    I2C3_EV_IRQHandler                       0x080003cf   Thumb Code     0  startup_stm32f40_41xxx.o(.text)
    OTG_FS_IRQHandler                        0x080003cf   Thumb Code     0  startup_stm32f40_41xxx.o(.text)
    OTG_FS_WKUP_IRQHandler                   0x080003cf   Thumb Code     0  startup_stm32f40_41xxx.o(.text)
    OTG_HS_EP1_IN_IRQHandler                 0x080003cf   Thumb Code     0  startup_stm32f40_41xxx.o(.text)
    OTG_HS_EP1_OUT_IRQHandler                0x080003cf   Thumb Code     0  startup_stm32f40_41xxx.o(.text)
    OTG_HS_IRQHandler                        0x080003cf   Thumb Code     0  startup_stm32f40_41xxx.o(.text)
    OTG_HS_WKUP_IRQHandler                   0x080003cf   Thumb Code     0  startup_stm32f40_41xxx.o(.text)
    PVD_IRQHandler                           0x080003cf   Thumb Code     0  startup_stm32f40_41xxx.o(.text)
    RCC_IRQHandler                           0x080003cf   Thumb Code     0  startup_stm32f40_41xxx.o(.text)
    RTC_Alarm_IRQHandler                     0x080003cf   Thumb Code     0  startup_stm32f40_41xxx.o(.text)
    SDIO_IRQHandler                          0x080003cf   Thumb Code     0  startup_stm32f40_41xxx.o(.text)
    SPI1_IRQHandler                          0x080003cf   Thumb Code     0  startup_stm32f40_41xxx.o(.text)
    SPI2_IRQHandler                          0x080003cf   Thumb Code     0  startup_stm32f40_41xxx.o(.text)
    SPI3_IRQHandler                          0x080003cf   Thumb Code     0  startup_stm32f40_41xxx.o(.text)
    TAMP_STAMP_IRQHandler                    0x080003cf   Thumb Code     0  startup_stm32f40_41xxx.o(.text)
    TIM1_BRK_TIM9_IRQHandler                 0x080003cf   Thumb Code     0  startup_stm32f40_41xxx.o(.text)
    TIM1_CC_IRQHandler                       0x080003cf   Thumb Code     0  startup_stm32f40_41xxx.o(.text)
    TIM1_TRG_COM_TIM11_IRQHandler            0x080003cf   Thumb Code     0  startup_stm32f40_41xxx.o(.text)
    TIM1_UP_TIM10_IRQHandler                 0x080003cf   Thumb Code     0  startup_stm32f40_41xxx.o(.text)
    TIM2_IRQHandler                          0x080003cf   Thumb Code     0  startup_stm32f40_41xxx.o(.text)
    TIM4_IRQHandler                          0x080003cf   Thumb Code     0  startup_stm32f40_41xxx.o(.text)
    TIM5_IRQHandler                          0x080003cf   Thumb Code     0  startup_stm32f40_41xxx.o(.text)
    TIM6_DAC_IRQHandler                      0x080003cf   Thumb Code     0  startup_stm32f40_41xxx.o(.text)
    TIM7_IRQHandler                          0x080003cf   Thumb Code     0  startup_stm32f40_41xxx.o(.text)
    TIM8_BRK_TIM12_IRQHandler                0x080003cf   Thumb Code     0  startup_stm32f40_41xxx.o(.text)
    TIM8_CC_IRQHandler                       0x080003cf   Thumb Code     0  startup_stm32f40_41xxx.o(.text)
    TIM8_TRG_COM_TIM14_IRQHandler            0x080003cf   Thumb Code     0  startup_stm32f40_41xxx.o(.text)
    TIM8_UP_TIM13_IRQHandler                 0x080003cf   Thumb Code     0  startup_stm32f40_41xxx.o(.text)
    UART4_IRQHandler                         0x080003cf   Thumb Code     0  startup_stm32f40_41xxx.o(.text)
    UART5_IRQHandler                         0x080003cf   Thumb Code     0  startup_stm32f40_41xxx.o(.text)
    USART6_IRQHandler                        0x080003cf   Thumb Code     0  startup_stm32f40_41xxx.o(.text)
    WWDG_IRQHandler                          0x080003cf   Thumb Code     0  startup_stm32f40_41xxx.o(.text)
    __user_initial_stackheap                 0x080003d5   Thumb Code     0  startup_stm32f40_41xxx.o(.text)
    __use_no_semihosting                     0x080003f9   Thumb Code     2  use_no_semi_2.o(.text)
    __c89vprintf                             0x080003fd   Thumb Code     8  c89vprintf.o(.text)
    __2printf                                0x08000409   Thumb Code    20  __2printf.o(.text)
    __2sprintf                               0x08000421   Thumb Code    38  __2sprintf.o(.text)
    _printf_pre_padding                      0x0800044d   Thumb Code    44  _printf_pad.o(.text)
    _printf_post_padding                     0x08000479   Thumb Code    34  _printf_pad.o(.text)
    _printf_str                              0x0800049b   Thumb Code    82  _printf_str.o(.text)
    _printf_int_dec                          0x080004ed   Thumb Code   104  _printf_dec.o(.text)
    _printf_longlong_hex                     0x08000565   Thumb Code    86  _printf_hex_int_ll_ptr.o(.text)
    _printf_int_hex                          0x080005bb   Thumb Code    28  _printf_hex_int_ll_ptr.o(.text)
    _printf_ll_hex                           0x080005d7   Thumb Code    12  _printf_hex_int_ll_ptr.o(.text)
    _printf_hex_ptr                          0x080005e3   Thumb Code    18  _printf_hex_int_ll_ptr.o(.text)
    __printf                                 0x080005f9   Thumb Code   388  __printf_flags_ss_wp.o(.text)
    __0sscanf                                0x08000781   Thumb Code    52  __0sscanf.o(.text)
    _scanf_int                               0x080007bd   Thumb Code   332  _scanf_int.o(.text)
    strstr                                   0x08000909   Thumb Code    36  strstr.o(.text)
    memcmp                                   0x0800092d   Thumb Code    88  memcmp.o(.text)
    __aeabi_memcpy                           0x08000985   Thumb Code     0  rt_memcpy_v6.o(.text)
    __rt_memcpy                              0x08000985   Thumb Code   138  rt_memcpy_v6.o(.text)
    _memcpy_lastbytes                        0x080009eb   Thumb Code     0  rt_memcpy_v6.o(.text)
    __aeabi_memcpy4                          0x08000a0f   Thumb Code     0  rt_memcpy_w.o(.text)
    __aeabi_memcpy8                          0x08000a0f   Thumb Code     0  rt_memcpy_w.o(.text)
    __rt_memcpy_w                            0x08000a0f   Thumb Code   100  rt_memcpy_w.o(.text)
    _memcpy_lastbytes_aligned                0x08000a57   Thumb Code     0  rt_memcpy_w.o(.text)
    __aeabi_memset                           0x08000a73   Thumb Code    16  aeabi_memset.o(.text)
    __aeabi_memclr4                          0x08000a83   Thumb Code     0  rt_memclr_w.o(.text)
    __aeabi_memclr8                          0x08000a83   Thumb Code     0  rt_memclr_w.o(.text)
    __rt_memclr_w                            0x08000a83   Thumb Code    78  rt_memclr_w.o(.text)
    _memset_w                                0x08000a87   Thumb Code     0  rt_memclr_w.o(.text)
    __use_two_region_memory                  0x08000ad1   Thumb Code     2  heapauxi.o(.text)
    __rt_heap_escrow$2region                 0x08000ad3   Thumb Code     2  heapauxi.o(.text)
    __rt_heap_expand$2region                 0x08000ad5   Thumb Code     2  heapauxi.o(.text)
    __I$use$semihosting                      0x08000ad7   Thumb Code     0  use_no_semi.o(.text)
    __use_no_semihosting_swi                 0x08000ad7   Thumb Code     2  use_no_semi.o(.text)
    _printf_truncate_signed                  0x08000ad9   Thumb Code    18  _printf_truncate.o(.text)
    _printf_truncate_unsigned                0x08000aeb   Thumb Code    18  _printf_truncate.o(.text)
    _printf_int_common                       0x08000afd   Thumb Code   178  _printf_intcommon.o(.text)
    _printf_charcount                        0x08000baf   Thumb Code    40  _printf_charcount.o(.text)
    _printf_char_common                      0x08000be3   Thumb Code    32  _printf_char_common.o(.text)
    _sputc                                   0x08000c09   Thumb Code    10  _sputc.o(.text)
    _printf_cs_common                        0x08000c13   Thumb Code    20  _printf_char.o(.text)
    _printf_char                             0x08000c27   Thumb Code    16  _printf_char.o(.text)
    _printf_string                           0x08000c37   Thumb Code     8  _printf_char.o(.text)
    _printf_char_file                        0x08000c41   Thumb Code    32  _printf_char_file.o(.text)
    _printf_wctomb                           0x08000c65   Thumb Code   182  _printf_wctomb.o(.text)
    _printf_longlong_dec                     0x08000d21   Thumb Code   108  _printf_longlong_dec.o(.text)
    _printf_longlong_oct                     0x08000d9d   Thumb Code    66  _printf_oct_int_ll.o(.text)
    _printf_int_oct                          0x08000ddf   Thumb Code    24  _printf_oct_int_ll.o(.text)
    _printf_ll_oct                           0x08000df7   Thumb Code    12  _printf_oct_int_ll.o(.text)
    _chval                                   0x08000e0d   Thumb Code    28  _chval.o(.text)
    __vfscanf_char                           0x08000e35   Thumb Code    24  scanf_char.o(.text)
    _sgetc                                   0x08000e55   Thumb Code    30  _sgetc.o(.text)
    _sbackspace                              0x08000e73   Thumb Code    34  _sgetc.o(.text)
    __aeabi_memclr                           0x08000e95   Thumb Code     0  rt_memclr.o(.text)
    __rt_memclr                              0x08000e95   Thumb Code    68  rt_memclr.o(.text)
    _memset                                  0x08000e99   Thumb Code     0  rt_memclr.o(.text)
    _ll_udiv10                               0x08000ed9   Thumb Code   138  lludiv10.o(.text)
    isspace                                  0x08000f63   Thumb Code    18  isspace.o(.text)
    __lib_sel_fp_printf                      0x08000f75   Thumb Code     2  _printf_fp_dec.o(.text)
    _printf_fp_dec_real                      0x08001127   Thumb Code   620  _printf_fp_dec.o(.text)
    _printf_lcs_common                       0x08001393   Thumb Code    20  _printf_wchar.o(.text)
    _printf_wchar                            0x080013a7   Thumb Code    16  _printf_wchar.o(.text)
    _printf_wstring                          0x080013b7   Thumb Code     8  _printf_wchar.o(.text)
    __vfscanf                                0x080013c1   Thumb Code   880  _scanf.o(.text)
    ferror                                   0x08001735   Thumb Code     8  ferror.o(.text)
    _wcrtomb                                 0x0800173d   Thumb Code    64  _wcrtomb.o(.text)
    __user_setup_stackheap                   0x0800177d   Thumb Code    74  sys_stackheap_outer.o(.text)
    __rt_ctype_table                         0x080017c9   Thumb Code    16  rt_ctype_table.o(.text)
    __rt_locale                              0x080017d9   Thumb Code     8  rt_locale_intlibspace.o(.text)
    _printf_fp_infnan                        0x080017e1   Thumb Code   112  _printf_fp_infnan.o(.text)
    _btod_etento                             0x08001861   Thumb Code   224  bigflt0.o(.text)
    exit                                     0x08001945   Thumb Code    18  exit.o(.text)
    __user_libspace                          0x08001959   Thumb Code     8  libspace.o(.text)
    __user_perproc_libspace                  0x08001959   Thumb Code     0  libspace.o(.text)
    __user_perthread_libspace                0x08001959   Thumb Code     0  libspace.o(.text)
    strcmp                                   0x08001961   Thumb Code   128  strcmpv7m.o(.text)
    _btod_d2e                                0x080019e1   Thumb Code    62  btod.o(CL$$btod_d2e)
    _d2e_denorm_low                          0x08001a1f   Thumb Code    70  btod.o(CL$$btod_d2e_denorm_low)
    _d2e_norm_op1                            0x08001a65   Thumb Code    96  btod.o(CL$$btod_d2e_norm_op1)
    __btod_div_common                        0x08001ac5   Thumb Code   696  btod.o(CL$$btod_div_common)
    _e2e                                     0x08001dfd   Thumb Code   220  btod.o(CL$$btod_e2e)
    _btod_ediv                               0x08001ed9   Thumb Code    42  btod.o(CL$$btod_ediv)
    _btod_emul                               0x08001f03   Thumb Code    42  btod.o(CL$$btod_emul)
    __btod_mult_common                       0x08001f2d   Thumb Code   580  btod.o(CL$$btod_mult_common)
    BusFault_Handler                         0x08002171   Thumb Code     2  stm32f4xx_it.o(i.BusFault_Handler)
    DebugMon_Handler                         0x08002173   Thumb Code     2  stm32f4xx_it.o(i.DebugMon_Handler)
    Delay_ms                                 0x08002175   Thumb Code     4  delay.o(i.Delay_ms)
    Delay_us                                 0x08002179   Thumb Code    72  delay.o(i.Delay_us)
    EXTI0_IRQHandler                         0x080021c9   Thumb Code    56  key.o(i.EXTI0_IRQHandler)
    EXTI2_IRQHandler                         0x0800220d   Thumb Code    56  key.o(i.EXTI2_IRQHandler)
    EXTI3_IRQHandler                         0x08002251   Thumb Code    56  key.o(i.EXTI3_IRQHandler)
    EXTI4_IRQHandler                         0x08002295   Thumb Code    56  key.o(i.EXTI4_IRQHandler)
    EXTI9_5_IRQHandler                       0x080022d9   Thumb Code    30  fpm383f.o(i.EXTI9_5_IRQHandler)
    EXTI_ClearITPendingBit                   0x080022fd   Thumb Code     6  stm32f4xx_exti.o(i.EXTI_ClearITPendingBit)
    EXTI_GetITStatus                         0x08002309   Thumb Code    16  stm32f4xx_exti.o(i.EXTI_GetITStatus)
    EXTI_Init                                0x0800231d   Thumb Code   108  stm32f4xx_exti.o(i.EXTI_Init)
    FLASH_ClearFlag                          0x0800238d   Thumb Code     6  stm32f4xx_flash.o(i.FLASH_ClearFlag)
    FLASH_EraseSector                        0x08002399   Thumb Code   104  stm32f4xx_flash.o(i.FLASH_EraseSector)
    FLASH_GetStatus                          0x08002405   Thumb Code    56  stm32f4xx_flash.o(i.FLASH_GetStatus)
    FLASH_ProgramWord                        0x08002441   Thumb Code    56  stm32f4xx_flash.o(i.FLASH_ProgramWord)
    FLASH_Unlock                             0x0800247d   Thumb Code    22  stm32f4xx_flash.o(i.FLASH_Unlock)
    FLASH_WaitForLastOperation               0x080024a1   Thumb Code    30  stm32f4xx_flash.o(i.FLASH_WaitForLastOperation)
    GPIO_Init                                0x080024bf   Thumb Code   120  stm32f4xx_gpio.o(i.GPIO_Init)
    GPIO_PinAFConfig                         0x08002537   Thumb Code    32  stm32f4xx_gpio.o(i.GPIO_PinAFConfig)
    GPIO_ResetBits                           0x08002557   Thumb Code     4  stm32f4xx_gpio.o(i.GPIO_ResetBits)
    GPIO_SetBits                             0x0800255b   Thumb Code     4  stm32f4xx_gpio.o(i.GPIO_SetBits)
    HardFault_Handler                        0x08002561   Thumb Code    72  stm32f4xx_it.o(i.HardFault_Handler)
    IIC_Start                                0x0800262d   Thumb Code    50  oled.o(i.IIC_Start)
    IIC_Stop                                 0x08002669   Thumb Code    46  oled.o(i.IIC_Stop)
    IIC_Wait_Ack                             0x080026a1   Thumb Code    40  oled.o(i.IIC_Wait_Ack)
    LED_Init                                 0x080026cd   Thumb Code    92  led.o(i.LED_Init)
    MemManage_Handler                        0x08002731   Thumb Code     2  stm32f4xx_it.o(i.MemManage_Handler)
    NMI_Handler                              0x08002733   Thumb Code     2  stm32f4xx_it.o(i.NMI_Handler)
    NVIC_Init                                0x08002735   Thumb Code    96  misc.o(i.NVIC_Init)
    NVIC_PriorityGroupConfig                 0x08002799   Thumb Code    10  misc.o(i.NVIC_PriorityGroupConfig)
    OLED_Clear                               0x080027ad   Thumb Code    58  oled.o(i.OLED_Clear)
    OLED_Display_Off                         0x080027e7   Thumb Code    30  oled.o(i.OLED_Display_Off)
    OLED_Display_On                          0x08002805   Thumb Code    30  oled.o(i.OLED_Display_On)
    OLED_DrawBMP                             0x08002823   Thumb Code    62  oled.o(i.OLED_DrawBMP)
    OLED_Init                                0x08002861   Thumb Code   306  oled.o(i.OLED_Init)
    OLED_Set_Pos                             0x080029a9   Thumb Code    42  oled.o(i.OLED_Set_Pos)
    OLED_ShowCHinese                         0x080029d5   Thumb Code    74  oled.o(i.OLED_ShowCHinese)
    OLED_ShowChar                            0x08002a25   Thumb Code   128  oled.o(i.OLED_ShowChar)
    OLED_ShowString                          0x08002aad   Thumb Code    54  oled.o(i.OLED_ShowString)
    OLED_WR_Byte                             0x08002ae3   Thumb Code    12  oled.o(i.OLED_WR_Byte)
    PWR_BackupAccessCmd                      0x08002af1   Thumb Code     6  stm32f4xx_pwr.o(i.PWR_BackupAccessCmd)
    RCC_AHB1PeriphClockCmd                   0x08002afd   Thumb Code    18  stm32f4xx_rcc.o(i.RCC_AHB1PeriphClockCmd)
    RCC_APB1PeriphClockCmd                   0x08002b15   Thumb Code    18  stm32f4xx_rcc.o(i.RCC_APB1PeriphClockCmd)
    RCC_APB2PeriphClockCmd                   0x08002b2d   Thumb Code    18  stm32f4xx_rcc.o(i.RCC_APB2PeriphClockCmd)
    RCC_GetClocksFreq                        0x08002b45   Thumb Code   132  stm32f4xx_rcc.o(i.RCC_GetClocksFreq)
    RCC_GetFlagStatus                        0x08002bd5   Thumb Code    46  stm32f4xx_rcc.o(i.RCC_GetFlagStatus)
    RCC_LSICmd                               0x08002c09   Thumb Code     6  stm32f4xx_rcc.o(i.RCC_LSICmd)
    RCC_RTCCLKCmd                            0x08002c15   Thumb Code     6  stm32f4xx_rcc.o(i.RCC_RTCCLKCmd)
    RCC_RTCCLKConfig                         0x08002c21   Thumb Code    40  stm32f4xx_rcc.o(i.RCC_RTCCLKConfig)
    RTC_ClearITPendingBit                    0x08002c7d   Thumb Code    24  stm32f4xx_rtc.o(i.RTC_ClearITPendingBit)
    RTC_EnterInitMode                        0x08002c99   Thumb Code    56  stm32f4xx_rtc.o(i.RTC_EnterInitMode)
    RTC_ExitInitMode                         0x08002cd5   Thumb Code    12  stm32f4xx_rtc.o(i.RTC_ExitInitMode)
    RTC_GetDate                              0x08002ce5   Thumb Code    66  stm32f4xx_rtc.o(i.RTC_GetDate)
    RTC_GetITStatus                          0x08002d31   Thumb Code    46  stm32f4xx_rtc.o(i.RTC_GetITStatus)
    RTC_GetTime                              0x08002d69   Thumb Code    70  stm32f4xx_rtc.o(i.RTC_GetTime)
    RTC_ITConfig                             0x08002db9   Thumb Code    60  stm32f4xx_rtc.o(i.RTC_ITConfig)
    RTC_Init                                 0x08002df9   Thumb Code    74  stm32f4xx_rtc.o(i.RTC_Init)
    RTC_ReadBackupRegister                   0x08002e49   Thumb Code    14  stm32f4xx_rtc.o(i.RTC_ReadBackupRegister)
    RTC_SetDate                              0x08002e5d   Thumb Code   144  stm32f4xx_rtc.o(i.RTC_SetDate)
    RTC_SetTime                              0x08002ef5   Thumb Code   150  stm32f4xx_rtc.o(i.RTC_SetTime)
    RTC_SetWakeUpCounter                     0x08002f95   Thumb Code    22  stm32f4xx_rtc.o(i.RTC_SetWakeUpCounter)
    RTC_WKUP_IRQHandler                      0x08002fb1   Thumb Code    68  rtc.o(i.RTC_WKUP_IRQHandler)
    RTC_WaitForSynchro                       0x08002ffd   Thumb Code    70  stm32f4xx_rtc.o(i.RTC_WaitForSynchro)
    RTC_WakeUpClockConfig                    0x08003049   Thumb Code    34  stm32f4xx_rtc.o(i.RTC_WakeUpClockConfig)
    RTC_WakeUpCmd                            0x08003071   Thumb Code    84  stm32f4xx_rtc.o(i.RTC_WakeUpCmd)
    RTC_WriteBackupRegister                  0x080030c9   Thumb Code    14  stm32f4xx_rtc.o(i.RTC_WriteBackupRegister)
    SYSCFG_EXTILineConfig                    0x080030dd   Thumb Code    42  stm32f4xx_syscfg.o(i.SYSCFG_EXTILineConfig)
    SysTick_Handler                          0x080031c1   Thumb Code    38  port.o(i.SysTick_Handler)
    SystemInit                               0x080031ed   Thumb Code    74  system_stm32f4xx.o(i.SystemInit)
    TIM3_IRQHandler                          0x08003249   Thumb Code    60  fpm383f.o(i.TIM3_IRQHandler)
    TIM_ClearITPendingBit                    0x0800328d   Thumb Code     6  stm32f4xx_tim.o(i.TIM_ClearITPendingBit)
    TIM_Cmd                                  0x08003293   Thumb Code    20  stm32f4xx_tim.o(i.TIM_Cmd)
    TIM_GetITStatus                          0x080032a7   Thumb Code    24  stm32f4xx_tim.o(i.TIM_GetITStatus)
    TIM_ITConfig                             0x080032bf   Thumb Code    16  stm32f4xx_tim.o(i.TIM_ITConfig)
    TIM_TimeBaseInit                         0x080032d1   Thumb Code    96  stm32f4xx_tim.o(i.TIM_TimeBaseInit)
    USART1_IRQHandler                        0x080033a9   Thumb Code    88  usart.o(i.USART1_IRQHandler)
    USART2_IRQHandler                        0x08003411   Thumb Code    64  fpm383f.o(i.USART2_IRQHandler)
    USART3_IRQHandler                        0x0800345d   Thumb Code    88  usart.o(i.USART3_IRQHandler)
    USART_ClearITPendingBit                  0x080034c5   Thumb Code    12  stm32f4xx_usart.o(i.USART_ClearITPendingBit)
    USART_Cmd                                0x080034d1   Thumb Code    20  stm32f4xx_usart.o(i.USART_Cmd)
    USART_GetFlagStatus                      0x080034e5   Thumb Code    14  stm32f4xx_usart.o(i.USART_GetFlagStatus)
    USART_GetITStatus                        0x080034f3   Thumb Code    62  stm32f4xx_usart.o(i.USART_GetITStatus)
    USART_ITConfig                           0x08003531   Thumb Code    48  stm32f4xx_usart.o(i.USART_ITConfig)
    USART_Init                               0x08003561   Thumb Code   164  stm32f4xx_usart.o(i.USART_Init)
    USART_ReceiveData                        0x0800360d   Thumb Code     8  stm32f4xx_usart.o(i.USART_ReceiveData)
    USART_SendData                           0x08003615   Thumb Code     8  stm32f4xx_usart.o(i.USART_SendData)
    UsageFault_Handler                       0x0800361d   Thumb Code     2  stm32f4xx_it.o(i.UsageFault_Handler)
    Usart1_Init                              0x08003621   Thumb Code   172  usart.o(i.Usart1_Init)
    Usart2_Init                              0x080036d5   Thumb Code   142  usart.o(i.Usart2_Init)
    Usart3_Init                              0x08003775   Thumb Code   142  usart.o(i.Usart3_Init)
    Write_IIC_Byte                           0x08003815   Thumb Code    96  oled.o(i.Write_IIC_Byte)
    Write_IIC_Command                        0x0800387d   Thumb Code    46  oled.o(i.Write_IIC_Command)
    Write_IIC_Data                           0x080038ab   Thumb Code    46  oled.o(i.Write_IIC_Data)
    __ARM_fpclassify                         0x080038d9   Thumb Code    48  fpclassify.o(i.__ARM_fpclassify)
    _is_digit                                0x08003909   Thumb Code    14  __printf_wp.o(i._is_digit)
    _sys_exit                                0x08003917   Thumb Code     2  usart.o(i._sys_exit)
    beep_init                                0x08004dd5   Thumb Code    54  beep.o(i.beep_init)
    beep_off                                 0x08004e15   Thumb Code    10  beep.o(i.beep_off)
    beep_on                                  0x08004e25   Thumb Code    10  beep.o(i.beep_on)
    dgb_printf_safe                          0x08004e49   Thumb Code    44  main.o(i.dgb_printf_safe)
    exceptions_catch                         0x08004e79   Thumb Code    36  main.o(i.exceptions_catch)
    flash_erase_record                       0x08004ed5   Thumb Code    26  flash.o(i.flash_erase_record)
    flash_read_record                        0x08004f01   Thumb Code    28  flash.o(i.flash_read_record)
    flash_write_record                       0x08004f21   Thumb Code    60  flash.o(i.flash_write_record)
    fpm_ctrl_led                             0x08004f95   Thumb Code    40  fpm383f.o(i.fpm_ctrl_led)
    fpm_empty                                0x08004fc1   Thumb Code    96  fpm383f.o(i.fpm_empty)
    fpm_enroll_auto                          0x0800508d   Thumb Code   198  fpm383f.o(i.fpm_enroll_auto)
    fpm_id_total                             0x080051d9   Thumb Code   110  fpm383f.o(i.fpm_id_total)
    fpm_idenify_auto                         0x080052cd   Thumb Code   238  fpm383f.o(i.fpm_idenify_auto)
    fpm_init                                 0x0800546d   Thumb Code    26  fpm383f.o(i.fpm_init)
    fpm_send_data                            0x08005489   Thumb Code    52  fpm383f.o(i.fpm_send_data)
    fpm_sleep                                0x080054c5   Thumb Code    20  fpm383f.o(i.fpm_sleep)
    fpm_touch_init                           0x080054e5   Thumb Code    94  fpm383f.o(i.fpm_touch_init)
    fputc                                    0x0800554d   Thumb Code    14  usart.o(i.fputc)
    get_key_board                            0x08005561   Thumb Code   324  keyboard.o(i.get_key_board)
    key_board_init                           0x080056b9   Thumb Code   170  keyboard.o(i.key_board_init)
    key_init                                 0x08005785   Thumb Code   238  key.o(i.key_init)
    main                                     0x0800587d   Thumb Code    90  main.o(i.main)
    oled_sda_pin_mode                        0x080058f9   Thumb Code    28  oled.o(i.oled_sda_pin_mode)
    pvPortMalloc                             0x0800606d   Thumb Code   216  heap_4.o(i.pvPortMalloc)
    pvTaskIncrementMutexHeldCount            0x08006149   Thumb Code    18  tasks.o(i.pvTaskIncrementMutexHeldCount)
    pxPortInitialiseStack                    0x08006161   Thumb Code    40  port.o(i.pxPortInitialiseStack)
    rtc_init                                 0x0800618d   Thumb Code   232  rtc.o(i.rtc_init)
    uxListRemove                             0x080062b5   Thumb Code    38  list.o(i.uxListRemove)
    uxTaskResetEventItemValue                0x080062dd   Thumb Code    20  tasks.o(i.uxTaskResetEventItemValue)
    vApplicationIdleHook                     0x080062f5   Thumb Code     2  main.o(i.vApplicationIdleHook)
    vApplicationMallocFailedHook             0x080062f7   Thumb Code    16  main.o(i.vApplicationMallocFailedHook)
    vApplicationStackOverflowHook            0x08006309   Thumb Code    22  main.o(i.vApplicationStackOverflowHook)
    vApplicationTickHook                     0x08006359   Thumb Code     2  main.o(i.vApplicationTickHook)
    vEventGroupSetBitsCallback               0x0800635b   Thumb Code     4  event_groups.o(i.vEventGroupSetBitsCallback)
    vListInitialise                          0x0800635f   Thumb Code    22  list.o(i.vListInitialise)
    vListInitialiseItem                      0x08006375   Thumb Code     6  list.o(i.vListInitialiseItem)
    vListInsert                              0x0800637b   Thumb Code    48  list.o(i.vListInsert)
    vListInsertEnd                           0x080063ab   Thumb Code    24  list.o(i.vListInsertEnd)
    vPortEnterCritical                       0x080063c5   Thumb Code    54  port.o(i.vPortEnterCritical)
    vPortExitCritical                        0x08006405   Thumb Code    34  port.o(i.vPortExitCritical)
    vPortFree                                0x0800642d   Thumb Code    88  heap_4.o(i.vPortFree)
    vPortSetupTimerInterrupt                 0x08006489   Thumb Code    32  port.o(i.vPortSetupTimerInterrupt)
    vPortValidateInterruptPriority           0x080064ad   Thumb Code    74  port.o(i.vPortValidateInterruptPriority)
    vQueueAddToRegistry                      0x08006501   Thumb Code    32  queue.o(i.vQueueAddToRegistry)
    vQueueWaitForMessageRestricted           0x08006525   Thumb Code    68  queue.o(i.vQueueWaitForMessageRestricted)
    vTaskDelay                               0x08006569   Thumb Code    66  tasks.o(i.vTaskDelay)
    vTaskDelete                              0x080065b5   Thumb Code   156  tasks.o(i.vTaskDelete)
    vTaskInternalSetTimeOutState             0x08006661   Thumb Code    12  tasks.o(i.vTaskInternalSetTimeOutState)
    vTaskMissedYield                         0x08006671   Thumb Code     8  tasks.o(i.vTaskMissedYield)
    vTaskPlaceOnEventList                    0x0800667d   Thumb Code    44  tasks.o(i.vTaskPlaceOnEventList)
    vTaskPlaceOnEventListRestricted          0x080066ad   Thumb Code    52  tasks.o(i.vTaskPlaceOnEventListRestricted)
    vTaskPlaceOnUnorderedEventList           0x080066e5   Thumb Code    72  tasks.o(i.vTaskPlaceOnUnorderedEventList)
    vTaskPriorityDisinheritAfterTimeout      0x08006731   Thumb Code   162  tasks.o(i.vTaskPriorityDisinheritAfterTimeout)
    vTaskRemoveFromUnorderedEventList        0x080067dd   Thumb Code   104  tasks.o(i.vTaskRemoveFromUnorderedEventList)
    vTaskResume                              0x0800684d   Thumb Code   112  tasks.o(i.vTaskResume)
    vTaskStartScheduler                      0x080068c9   Thumb Code    94  tasks.o(i.vTaskStartScheduler)
    vTaskSuspend                             0x08006939   Thumb Code   170  tasks.o(i.vTaskSuspend)
    vTaskSuspendAll                          0x080069f5   Thumb Code    10  tasks.o(i.vTaskSuspendAll)
    vTaskSwitchContext                       0x08006a05   Thumb Code   126  tasks.o(i.vTaskSwitchContext)
    xEventGroupCreate                        0x08006a8d   Thumb Code    26  event_groups.o(i.xEventGroupCreate)
    xEventGroupSetBits                       0x08006aa7   Thumb Code   140  event_groups.o(i.xEventGroupSetBits)
    xEventGroupSetBitsFromISR                0x08006b35   Thumb Code    12  event_groups.o(i.xEventGroupSetBitsFromISR)
    xEventGroupWaitBits                      0x08006b45   Thumb Code   258  event_groups.o(i.xEventGroupWaitBits)
    xPortStartScheduler                      0x08006c4d   Thumb Code   224  port.o(i.xPortStartScheduler)
    xQueueCreateMutex                        0x08006d41   Thumb Code    36  queue.o(i.xQueueCreateMutex)
    xQueueGenericCreate                      0x08006d65   Thumb Code    82  queue.o(i.xQueueGenericCreate)
    xQueueGenericReset                       0x08006db9   Thumb Code   132  queue.o(i.xQueueGenericReset)
    xQueueGenericSend                        0x08006e41   Thumb Code   350  queue.o(i.xQueueGenericSend)
    xQueueGenericSendFromISR                 0x08006fa5   Thumb Code   188  queue.o(i.xQueueGenericSendFromISR)
    xQueueReceive                            0x08007061   Thumb Code   308  queue.o(i.xQueueReceive)
    xQueueSemaphoreTake                      0x08007199   Thumb Code   372  queue.o(i.xQueueSemaphoreTake)
    xTaskCheckForTimeOut                     0x08007311   Thumb Code   112  tasks.o(i.xTaskCheckForTimeOut)
    xTaskCreate                              0x08007385   Thumb Code    86  tasks.o(i.xTaskCreate)
    xTaskGetSchedulerState                   0x080073dd   Thumb Code    22  tasks.o(i.xTaskGetSchedulerState)
    xTaskGetTickCount                        0x080073f9   Thumb Code     6  tasks.o(i.xTaskGetTickCount)
    xTaskIncrementTick                       0x08007405   Thumb Code   182  tasks.o(i.xTaskIncrementTick)
    xTaskPriorityDisinherit                  0x080074c5   Thumb Code   144  tasks.o(i.xTaskPriorityDisinherit)
    xTaskPriorityInherit                     0x0800755d   Thumb Code   140  tasks.o(i.xTaskPriorityInherit)
    xTaskRemoveFromEventList                 0x080075f1   Thumb Code   106  tasks.o(i.xTaskRemoveFromEventList)
    xTaskResumeAll                           0x08007669   Thumb Code   182  tasks.o(i.xTaskResumeAll)
    xTimerCreateTimerTask                    0x0800772d   Thumb Code    58  timers.o(i.xTimerCreateTimerTask)
    xTimerGenericCommand                     0x08007779   Thumb Code    94  timers.o(i.xTimerGenericCommand)
    xTimerPendFunctionCallFromISR            0x080077dd   Thumb Code    34  timers.o(i.xTimerPendFunctionCallFromISR)
    xor_decryption                           0x08007805   Thumb Code    20  global.o(i.xor_decryption)
    xor_encryption                           0x08007819   Thumb Code    20  global.o(i.xor_encryption)
    _get_lc_numeric                          0x0800782d   Thumb Code    44  lc_numeric_c.o(locale$$code)
    _get_lc_ctype                            0x08007859   Thumb Code    44  lc_ctype_c.o(locale$$code)
    _fp_init                                 0x08007885   Thumb Code    10  fpinit.o(x$fpl$fpinit)
    __fplib_config_fpu_vfp                   0x0800788d   Thumb Code     0  fpinit.o(x$fpl$fpinit)
    __fplib_config_pureend_doubles           0x0800788d   Thumb Code     0  fpinit.o(x$fpl$fpinit)
    _printf_fp_dec                           0x0800788f   Thumb Code     4  printf1.o(x$fpl$printf1)
    __I$use$fp                               0x08007892   Number         0  usenofp.o(x$fpl$usenofp)
    Region$$Table$$Base                      0x080081f4   Number         0  anon$$obj.o(Region$$Table)
    Region$$Table$$Limit                     0x08008214   Number         0  anon$$obj.o(Region$$Table)
    __ctype                                  0x0800823d   Data           0  lc_ctype_c.o(locale$$data)
    rec_cnt                                  0x20000000   Data           4  main.o(.data)
    i                                        0x20000004   Data           4  main.o(.data)
    app_task_init_handle                     0x20000008   Data           4  main.o(.data)
    app_task_oled_handle                     0x2000000c   Data           4  main.o(.data)
    app_task_keyboard_handle                 0x20000010   Data           4  main.o(.data)
    app_task_led_handle                      0x20000014   Data           4  main.o(.data)
    app_task_rtc_handle                      0x20000018   Data           4  main.o(.data)
    app_task_root_handle                     0x2000001c   Data           4  main.o(.data)
    app_task_beep_handle                     0x20000020   Data           4  main.o(.data)
    app_task_atte_handle                     0x20000024   Data           4  main.o(.data)
    app_task_mod_handle                      0x20000028   Data           4  main.o(.data)
    app_task_show_handle                     0x2000002c   Data           4  main.o(.data)
    g_queue_oled                             0x20000038   Data           4  main.o(.data)
    g_queue_rtc                              0x2000003c   Data           4  main.o(.data)
    g_mutex_oled                             0x20000040   Data           4  main.o(.data)
    g_mutex_printf                           0x20000044   Data           4  main.o(.data)
    g_event_group_fpm                        0x20000048   Data           4  main.o(.data)
    g_event_group_led                        0x2000004c   Data           4  main.o(.data)
    g_event_group_root                       0x20000050   Data           4  main.o(.data)
    g_event_group_beep                       0x20000054   Data           4  main.o(.data)
    g_event_group_rtc                        0x20000058   Data           4  main.o(.data)
    save_buf                                 0x2000005c   Data         128  main.o(.data)
    att_buf                                  0x200000dc   Data          30  main.o(.data)
    SystemCoreClock                          0x200000fc   Data           4  system_stm32f4xx.o(.data)
    AHBPrescTable                            0x20000100   Data          16  system_stm32f4xx.o(.data)
    USART2_STA                               0x20000860   Data           1  fpm383f.o(.data)
    g_fpm_touch_event                        0x20000864   Data           4  fpm383f.o(.data)
    __stdout                                 0x200008c4   Data           4  usart.o(.data)
    pxCurrentTCB                             0x200008d8   Data           4  tasks.o(.data)
    xQueueRegistry                           0x200009f4   Data          64  queue.o(.bss)
    __libspace_start                         0x20013940   Data          96  libspace.o(.bss)
    __temporary_stack_top$libspace           0x200139a0   Data           0  libspace.o(.bss)



==============================================================================

Memory Map of the image

  Image Entry point : 0x08000189

  Load Region LR_IROM1 (Base: 0x08000000, Size: 0x00008c8c, Max: 0x00080000, ABSOLUTE, COMPRESSED[0x00008660])

    Execution Region ER_IROM1 (Exec base: 0x08000000, Load base: 0x08000000, Size: 0x00008340, Max: 0x00080000, ABSOLUTE)

    Exec Addr    Load Addr    Size         Type   Attr      Idx    E Section Name        Object

    0x08000000   0x08000000   0x00000188   Data   RO         1801    RESET               startup_stm32f40_41xxx.o
    0x08000188   0x08000188   0x00000008   Code   RO         4587  * !!!main             c_w.l(__main.o)
    0x08000190   0x08000190   0x00000034   Code   RO         4866    !!!scatter          c_w.l(__scatter.o)
    0x080001c4   0x080001c4   0x0000003a   Code   RO         4864    !!dczerorl          c_w.l(__dczerorl.o)
    0x080001fe   0x080001fe   0x00000002   PAD
    0x08000200   0x08000200   0x0000001c   Code   RO         4868    !!handler_zi        c_w.l(__scatter_zi.o)
    0x0800021c   0x0800021c   0x00000000   Code   RO         4566    .ARM.Collect$$_printf_percent$$00000000  c_w.l(_printf_percent.o)
    0x0800021c   0x0800021c   0x00000006   Code   RO         4618    .ARM.Collect$$_printf_percent$$00000001  c_w.l(_printf_n.o)
    0x08000222   0x08000222   0x00000006   Code   RO         4619    .ARM.Collect$$_printf_percent$$00000002  c_w.l(_printf_p.o)
    0x08000228   0x08000228   0x00000006   Code   RO         4623    .ARM.Collect$$_printf_percent$$00000003  c_w.l(_printf_f.o)
    0x0800022e   0x0800022e   0x00000006   Code   RO         4624    .ARM.Collect$$_printf_percent$$00000004  c_w.l(_printf_e.o)
    0x08000234   0x08000234   0x00000006   Code   RO         4625    .ARM.Collect$$_printf_percent$$00000005  c_w.l(_printf_g.o)
    0x0800023a   0x0800023a   0x00000006   Code   RO         4626    .ARM.Collect$$_printf_percent$$00000006  c_w.l(_printf_a.o)
    0x08000240   0x08000240   0x0000000a   Code   RO         4631    .ARM.Collect$$_printf_percent$$00000007  c_w.l(_printf_ll.o)
    0x0800024a   0x0800024a   0x00000006   Code   RO         4621    .ARM.Collect$$_printf_percent$$00000008  c_w.l(_printf_i.o)
    0x08000250   0x08000250   0x00000006   Code   RO         4565    .ARM.Collect$$_printf_percent$$00000009  c_w.l(_printf_d.o)
    0x08000256   0x08000256   0x00000006   Code   RO         4622    .ARM.Collect$$_printf_percent$$0000000A  c_w.l(_printf_u.o)
    0x0800025c   0x0800025c   0x00000006   Code   RO         4620    .ARM.Collect$$_printf_percent$$0000000B  c_w.l(_printf_o.o)
    0x08000262   0x08000262   0x00000006   Code   RO         4564    .ARM.Collect$$_printf_percent$$0000000C  c_w.l(_printf_x.o)
    0x08000268   0x08000268   0x00000006   Code   RO         4628    .ARM.Collect$$_printf_percent$$0000000D  c_w.l(_printf_lli.o)
    0x0800026e   0x0800026e   0x00000006   Code   RO         4629    .ARM.Collect$$_printf_percent$$0000000E  c_w.l(_printf_lld.o)
    0x08000274   0x08000274   0x00000006   Code   RO         4630    .ARM.Collect$$_printf_percent$$0000000F  c_w.l(_printf_llu.o)
    0x0800027a   0x0800027a   0x00000006   Code   RO         4635    .ARM.Collect$$_printf_percent$$00000010  c_w.l(_printf_llo.o)
    0x08000280   0x08000280   0x00000006   Code   RO         4636    .ARM.Collect$$_printf_percent$$00000011  c_w.l(_printf_llx.o)
    0x08000286   0x08000286   0x0000000a   Code   RO         4632    .ARM.Collect$$_printf_percent$$00000012  c_w.l(_printf_l.o)
    0x08000290   0x08000290   0x00000006   Code   RO         4617    .ARM.Collect$$_printf_percent$$00000013  c_w.l(_printf_c.o)
    0x08000296   0x08000296   0x00000006   Code   RO         4563    .ARM.Collect$$_printf_percent$$00000014  c_w.l(_printf_s.o)
    0x0800029c   0x0800029c   0x00000006   Code   RO         4633    .ARM.Collect$$_printf_percent$$00000015  c_w.l(_printf_lc.o)
    0x080002a2   0x080002a2   0x00000006   Code   RO         4634    .ARM.Collect$$_printf_percent$$00000016  c_w.l(_printf_ls.o)
    0x080002a8   0x080002a8   0x00000004   Code   RO         4627    .ARM.Collect$$_printf_percent$$00000017  c_w.l(_printf_percent_end.o)
    0x080002ac   0x080002ac   0x00000002   Code   RO         4726    .ARM.Collect$$libinit$$00000000  c_w.l(libinit.o)
    0x080002ae   0x080002ae   0x00000004   Code   RO         4742    .ARM.Collect$$libinit$$00000001  c_w.l(libinit2.o)
    0x080002b2   0x080002b2   0x00000000   Code   RO         4745    .ARM.Collect$$libinit$$00000004  c_w.l(libinit2.o)
    0x080002b2   0x080002b2   0x00000000   Code   RO         4748    .ARM.Collect$$libinit$$0000000A  c_w.l(libinit2.o)
    0x080002b2   0x080002b2   0x00000000   Code   RO         4750    .ARM.Collect$$libinit$$0000000C  c_w.l(libinit2.o)
    0x080002b2   0x080002b2   0x00000000   Code   RO         4752    .ARM.Collect$$libinit$$0000000E  c_w.l(libinit2.o)
    0x080002b2   0x080002b2   0x00000006   Code   RO         4753    .ARM.Collect$$libinit$$0000000F  c_w.l(libinit2.o)
    0x080002b8   0x080002b8   0x00000000   Code   RO         4755    .ARM.Collect$$libinit$$00000011  c_w.l(libinit2.o)
    0x080002b8   0x080002b8   0x0000000c   Code   RO         4756    .ARM.Collect$$libinit$$00000012  c_w.l(libinit2.o)
    0x080002c4   0x080002c4   0x00000000   Code   RO         4757    .ARM.Collect$$libinit$$00000013  c_w.l(libinit2.o)
    0x080002c4   0x080002c4   0x00000000   Code   RO         4759    .ARM.Collect$$libinit$$00000015  c_w.l(libinit2.o)
    0x080002c4   0x080002c4   0x0000000a   Code   RO         4760    .ARM.Collect$$libinit$$00000016  c_w.l(libinit2.o)
    0x080002ce   0x080002ce   0x00000000   Code   RO         4761    .ARM.Collect$$libinit$$00000017  c_w.l(libinit2.o)
    0x080002ce   0x080002ce   0x00000000   Code   RO         4763    .ARM.Collect$$libinit$$00000019  c_w.l(libinit2.o)
    0x080002ce   0x080002ce   0x00000000   Code   RO         4765    .ARM.Collect$$libinit$$0000001B  c_w.l(libinit2.o)
    0x080002ce   0x080002ce   0x00000000   Code   RO         4767    .ARM.Collect$$libinit$$0000001D  c_w.l(libinit2.o)
    0x080002ce   0x080002ce   0x00000000   Code   RO         4769    .ARM.Collect$$libinit$$0000001F  c_w.l(libinit2.o)
    0x080002ce   0x080002ce   0x00000000   Code   RO         4771    .ARM.Collect$$libinit$$00000021  c_w.l(libinit2.o)
    0x080002ce   0x080002ce   0x00000000   Code   RO         4773    .ARM.Collect$$libinit$$00000023  c_w.l(libinit2.o)
    0x080002ce   0x080002ce   0x00000000   Code   RO         4775    .ARM.Collect$$libinit$$00000025  c_w.l(libinit2.o)
    0x080002ce   0x080002ce   0x00000000   Code   RO         4779    .ARM.Collect$$libinit$$0000002C  c_w.l(libinit2.o)
    0x080002ce   0x080002ce   0x00000000   Code   RO         4781    .ARM.Collect$$libinit$$0000002E  c_w.l(libinit2.o)
    0x080002ce   0x080002ce   0x00000000   Code   RO         4783    .ARM.Collect$$libinit$$00000030  c_w.l(libinit2.o)
    0x080002ce   0x080002ce   0x00000000   Code   RO         4785    .ARM.Collect$$libinit$$00000032  c_w.l(libinit2.o)
    0x080002ce   0x080002ce   0x00000002   Code   RO         4786    .ARM.Collect$$libinit$$00000033  c_w.l(libinit2.o)
    0x080002d0   0x080002d0   0x00000002   Code   RO         4804    .ARM.Collect$$libshutdown$$00000000  c_w.l(libshutdown.o)
    0x080002d2   0x080002d2   0x00000000   Code   RO         4814    .ARM.Collect$$libshutdown$$00000002  c_w.l(libshutdown2.o)
    0x080002d2   0x080002d2   0x00000000   Code   RO         4816    .ARM.Collect$$libshutdown$$00000004  c_w.l(libshutdown2.o)
    0x080002d2   0x080002d2   0x00000000   Code   RO         4818    .ARM.Collect$$libshutdown$$00000006  c_w.l(libshutdown2.o)
    0x080002d2   0x080002d2   0x00000000   Code   RO         4821    .ARM.Collect$$libshutdown$$00000009  c_w.l(libshutdown2.o)
    0x080002d2   0x080002d2   0x00000000   Code   RO         4824    .ARM.Collect$$libshutdown$$0000000C  c_w.l(libshutdown2.o)
    0x080002d2   0x080002d2   0x00000000   Code   RO         4826    .ARM.Collect$$libshutdown$$0000000E  c_w.l(libshutdown2.o)
    0x080002d2   0x080002d2   0x00000000   Code   RO         4829    .ARM.Collect$$libshutdown$$00000011  c_w.l(libshutdown2.o)
    0x080002d2   0x080002d2   0x00000002   Code   RO         4830    .ARM.Collect$$libshutdown$$00000012  c_w.l(libshutdown2.o)
    0x080002d4   0x080002d4   0x00000000   Code   RO         4591    .ARM.Collect$$rtentry$$00000000  c_w.l(__rtentry.o)
    0x080002d4   0x080002d4   0x00000000   Code   RO         4648    .ARM.Collect$$rtentry$$00000002  c_w.l(__rtentry2.o)
    0x080002d4   0x080002d4   0x00000006   Code   RO         4660    .ARM.Collect$$rtentry$$00000004  c_w.l(__rtentry4.o)
    0x080002da   0x080002da   0x00000000   Code   RO         4650    .ARM.Collect$$rtentry$$00000009  c_w.l(__rtentry2.o)
    0x080002da   0x080002da   0x00000004   Code   RO         4651    .ARM.Collect$$rtentry$$0000000A  c_w.l(__rtentry2.o)
    0x080002de   0x080002de   0x00000000   Code   RO         4653    .ARM.Collect$$rtentry$$0000000C  c_w.l(__rtentry2.o)
    0x080002de   0x080002de   0x00000008   Code   RO         4654    .ARM.Collect$$rtentry$$0000000D  c_w.l(__rtentry2.o)
    0x080002e6   0x080002e6   0x00000002   Code   RO         4735    .ARM.Collect$$rtexit$$00000000  c_w.l(rtexit.o)
    0x080002e8   0x080002e8   0x00000000   Code   RO         4788    .ARM.Collect$$rtexit$$00000002  c_w.l(rtexit2.o)
    0x080002e8   0x080002e8   0x00000004   Code   RO         4789    .ARM.Collect$$rtexit$$00000003  c_w.l(rtexit2.o)
    0x080002ec   0x080002ec   0x00000006   Code   RO         4790    .ARM.Collect$$rtexit$$00000004  c_w.l(rtexit2.o)
    0x080002f2   0x080002f2   0x00000002   PAD
    0x080002f4   0x080002f4   0x000000be   Code   RO         4423    .emb_text           port.o
    0x080003b2   0x080003b2   0x00000002   PAD
    0x080003b4   0x080003b4   0x00000044   Code   RO         1802    .text               startup_stm32f40_41xxx.o
    0x080003f8   0x080003f8   0x00000002   Code   RO         4502    .text               c_w.l(use_no_semi_2.o)
    0x080003fa   0x080003fa   0x00000002   PAD
    0x080003fc   0x080003fc   0x0000000c   Code   RO         4504    .text               c_w.l(c89vprintf.o)
    0x08000408   0x08000408   0x00000018   Code   RO         4506    .text               c_w.l(__2printf.o)
    0x08000420   0x08000420   0x0000002c   Code   RO         4508    .text               c_w.l(__2sprintf.o)
    0x0800044c   0x0800044c   0x0000004e   Code   RO         4516    .text               c_w.l(_printf_pad.o)
    0x0800049a   0x0800049a   0x00000052   Code   RO         4518    .text               c_w.l(_printf_str.o)
    0x080004ec   0x080004ec   0x00000078   Code   RO         4520    .text               c_w.l(_printf_dec.o)
    0x08000564   0x08000564   0x00000094   Code   RO         4540    .text               c_w.l(_printf_hex_int_ll_ptr.o)
    0x080005f8   0x080005f8   0x00000188   Code   RO         4560    .text               c_w.l(__printf_flags_ss_wp.o)
    0x08000780   0x08000780   0x0000003c   Code   RO         4567    .text               c_w.l(__0sscanf.o)
    0x080007bc   0x080007bc   0x0000014c   Code   RO         4569    .text               c_w.l(_scanf_int.o)
    0x08000908   0x08000908   0x00000024   Code   RO         4571    .text               c_w.l(strstr.o)
    0x0800092c   0x0800092c   0x00000058   Code   RO         4573    .text               c_w.l(memcmp.o)
    0x08000984   0x08000984   0x0000008a   Code   RO         4575    .text               c_w.l(rt_memcpy_v6.o)
    0x08000a0e   0x08000a0e   0x00000064   Code   RO         4577    .text               c_w.l(rt_memcpy_w.o)
    0x08000a72   0x08000a72   0x00000010   Code   RO         4581    .text               c_w.l(aeabi_memset.o)
    0x08000a82   0x08000a82   0x0000004e   Code   RO         4583    .text               c_w.l(rt_memclr_w.o)
    0x08000ad0   0x08000ad0   0x00000006   Code   RO         4585    .text               c_w.l(heapauxi.o)
    0x08000ad6   0x08000ad6   0x00000002   Code   RO         4589    .text               c_w.l(use_no_semi.o)
    0x08000ad8   0x08000ad8   0x00000024   Code   RO         4592    .text               c_w.l(_printf_truncate.o)
    0x08000afc   0x08000afc   0x000000b2   Code   RO         4594    .text               c_w.l(_printf_intcommon.o)
    0x08000bae   0x08000bae   0x00000028   Code   RO         4596    .text               c_w.l(_printf_charcount.o)
    0x08000bd6   0x08000bd6   0x00000002   PAD
    0x08000bd8   0x08000bd8   0x00000030   Code   RO         4598    .text               c_w.l(_printf_char_common.o)
    0x08000c08   0x08000c08   0x0000000a   Code   RO         4600    .text               c_w.l(_sputc.o)
    0x08000c12   0x08000c12   0x0000002c   Code   RO         4602    .text               c_w.l(_printf_char.o)
    0x08000c3e   0x08000c3e   0x00000002   PAD
    0x08000c40   0x08000c40   0x00000024   Code   RO         4604    .text               c_w.l(_printf_char_file.o)
    0x08000c64   0x08000c64   0x000000bc   Code   RO         4606    .text               c_w.l(_printf_wctomb.o)
    0x08000d20   0x08000d20   0x0000007c   Code   RO         4609    .text               c_w.l(_printf_longlong_dec.o)
    0x08000d9c   0x08000d9c   0x00000070   Code   RO         4615    .text               c_w.l(_printf_oct_int_ll.o)
    0x08000e0c   0x08000e0c   0x0000001c   Code   RO         4637    .text               c_w.l(_chval.o)
    0x08000e28   0x08000e28   0x0000002c   Code   RO         4639    .text               c_w.l(scanf_char.o)
    0x08000e54   0x08000e54   0x00000040   Code   RO         4641    .text               c_w.l(_sgetc.o)
    0x08000e94   0x08000e94   0x00000044   Code   RO         4643    .text               c_w.l(rt_memclr.o)
    0x08000ed8   0x08000ed8   0x0000008a   Code   RO         4662    .text               c_w.l(lludiv10.o)
    0x08000f62   0x08000f62   0x00000012   Code   RO         4664    .text               c_w.l(isspace.o)
    0x08000f74   0x08000f74   0x0000041e   Code   RO         4666    .text               c_w.l(_printf_fp_dec.o)
    0x08001392   0x08001392   0x0000002c   Code   RO         4670    .text               c_w.l(_printf_wchar.o)
    0x080013be   0x080013be   0x00000002   PAD
    0x080013c0   0x080013c0   0x00000374   Code   RO         4672    .text               c_w.l(_scanf.o)
    0x08001734   0x08001734   0x00000008   Code   RO         4674    .text               c_w.l(ferror.o)
    0x0800173c   0x0800173c   0x00000040   Code   RO         4678    .text               c_w.l(_wcrtomb.o)
    0x0800177c   0x0800177c   0x0000004a   Code   RO         4680    .text               c_w.l(sys_stackheap_outer.o)
    0x080017c6   0x080017c6   0x00000002   PAD
    0x080017c8   0x080017c8   0x00000010   Code   RO         4682    .text               c_w.l(rt_ctype_table.o)
    0x080017d8   0x080017d8   0x00000008   Code   RO         4687    .text               c_w.l(rt_locale_intlibspace.o)
    0x080017e0   0x080017e0   0x00000080   Code   RO         4689    .text               c_w.l(_printf_fp_infnan.o)
    0x08001860   0x08001860   0x000000e4   Code   RO         4691    .text               c_w.l(bigflt0.o)
    0x08001944   0x08001944   0x00000012   Code   RO         4719    .text               c_w.l(exit.o)
    0x08001956   0x08001956   0x00000002   PAD
    0x08001958   0x08001958   0x00000008   Code   RO         4732    .text               c_w.l(libspace.o)
    0x08001960   0x08001960   0x00000080   Code   RO         4740    .text               c_w.l(strcmpv7m.o)
    0x080019e0   0x080019e0   0x0000003e   Code   RO         4694    CL$$btod_d2e        c_w.l(btod.o)
    0x08001a1e   0x08001a1e   0x00000046   Code   RO         4696    CL$$btod_d2e_denorm_low  c_w.l(btod.o)
    0x08001a64   0x08001a64   0x00000060   Code   RO         4695    CL$$btod_d2e_norm_op1  c_w.l(btod.o)
    0x08001ac4   0x08001ac4   0x00000338   Code   RO         4704    CL$$btod_div_common  c_w.l(btod.o)
    0x08001dfc   0x08001dfc   0x000000dc   Code   RO         4701    CL$$btod_e2e        c_w.l(btod.o)
    0x08001ed8   0x08001ed8   0x0000002a   Code   RO         4698    CL$$btod_ediv       c_w.l(btod.o)
    0x08001f02   0x08001f02   0x0000002a   Code   RO         4697    CL$$btod_emul       c_w.l(btod.o)
    0x08001f2c   0x08001f2c   0x00000244   Code   RO         4703    CL$$btod_mult_common  c_w.l(btod.o)
    0x08002170   0x08002170   0x00000002   Code   RO          333    i.BusFault_Handler  stm32f4xx_it.o
    0x08002172   0x08002172   0x00000002   Code   RO          334    i.DebugMon_Handler  stm32f4xx_it.o
    0x08002174   0x08002174   0x00000004   Code   RO         1663    i.Delay_ms          delay.o
    0x08002178   0x08002178   0x00000050   Code   RO         1664    i.Delay_us          delay.o
    0x080021c8   0x080021c8   0x00000044   Code   RO         1035    i.EXTI0_IRQHandler  key.o
    0x0800220c   0x0800220c   0x00000044   Code   RO         1036    i.EXTI2_IRQHandler  key.o
    0x08002250   0x08002250   0x00000044   Code   RO         1037    i.EXTI3_IRQHandler  key.o
    0x08002294   0x08002294   0x00000044   Code   RO         1038    i.EXTI4_IRQHandler  key.o
    0x080022d8   0x080022d8   0x00000024   Code   RO          698    i.EXTI9_5_IRQHandler  fpm383f.o
    0x080022fc   0x080022fc   0x0000000c   Code   RO         3020    i.EXTI_ClearITPendingBit  stm32f4xx_exti.o
    0x08002308   0x08002308   0x00000014   Code   RO         3024    i.EXTI_GetITStatus  stm32f4xx_exti.o
    0x0800231c   0x0800231c   0x00000070   Code   RO         3025    i.EXTI_Init         stm32f4xx_exti.o
    0x0800238c   0x0800238c   0x0000000c   Code   RO         3137    i.FLASH_ClearFlag   stm32f4xx_flash.o
    0x08002398   0x08002398   0x0000006c   Code   RO         3143    i.FLASH_EraseSector  stm32f4xx_flash.o
    0x08002404   0x08002404   0x0000003c   Code   RO         3145    i.FLASH_GetStatus   stm32f4xx_flash.o
    0x08002440   0x08002440   0x0000003c   Code   RO         3173    i.FLASH_ProgramWord  stm32f4xx_flash.o
    0x0800247c   0x0800247c   0x00000024   Code   RO         3175    i.FLASH_Unlock      stm32f4xx_flash.o
    0x080024a0   0x080024a0   0x0000001e   Code   RO         3176    i.FLASH_WaitForLastOperation  stm32f4xx_flash.o
    0x080024be   0x080024be   0x00000078   Code   RO         1853    i.GPIO_Init         stm32f4xx_gpio.o
    0x08002536   0x08002536   0x00000020   Code   RO         1854    i.GPIO_PinAFConfig  stm32f4xx_gpio.o
    0x08002556   0x08002556   0x00000004   Code   RO         1860    i.GPIO_ResetBits    stm32f4xx_gpio.o
    0x0800255a   0x0800255a   0x00000004   Code   RO         1861    i.GPIO_SetBits      stm32f4xx_gpio.o
    0x0800255e   0x0800255e   0x00000002   PAD
    0x08002560   0x08002560   0x000000cc   Code   RO          335    i.HardFault_Handler  stm32f4xx_it.o
    0x0800262c   0x0800262c   0x0000003c   Code   RO          489    i.IIC_Start         oled.o
    0x08002668   0x08002668   0x00000038   Code   RO          490    i.IIC_Stop          oled.o
    0x080026a0   0x080026a0   0x0000002c   Code   RO          491    i.IIC_Wait_Ack      oled.o
    0x080026cc   0x080026cc   0x00000064   Code   RO          459    i.LED_Init          led.o
    0x08002730   0x08002730   0x00000002   Code   RO          336    i.MemManage_Handler  stm32f4xx_it.o
    0x08002732   0x08002732   0x00000002   Code   RO          337    i.NMI_Handler       stm32f4xx_it.o
    0x08002734   0x08002734   0x00000064   Code   RO         1808    i.NVIC_Init         misc.o
    0x08002798   0x08002798   0x00000014   Code   RO         1809    i.NVIC_PriorityGroupConfig  misc.o
    0x080027ac   0x080027ac   0x0000003a   Code   RO          492    i.OLED_Clear        oled.o
    0x080027e6   0x080027e6   0x0000001e   Code   RO          493    i.OLED_Display_Off  oled.o
    0x08002804   0x08002804   0x0000001e   Code   RO          494    i.OLED_Display_On   oled.o
    0x08002822   0x08002822   0x0000003e   Code   RO          495    i.OLED_DrawBMP      oled.o
    0x08002860   0x08002860   0x00000148   Code   RO          496    i.OLED_Init         oled.o
    0x080029a8   0x080029a8   0x0000002a   Code   RO          498    i.OLED_Set_Pos      oled.o
    0x080029d2   0x080029d2   0x00000002   PAD
    0x080029d4   0x080029d4   0x00000050   Code   RO          499    i.OLED_ShowCHinese  oled.o
    0x08002a24   0x08002a24   0x00000088   Code   RO          500    i.OLED_ShowChar     oled.o
    0x08002aac   0x08002aac   0x00000036   Code   RO          502    i.OLED_ShowString   oled.o
    0x08002ae2   0x08002ae2   0x0000000c   Code   RO          503    i.OLED_WR_Byte      oled.o
    0x08002aee   0x08002aee   0x00000002   PAD
    0x08002af0   0x08002af0   0x0000000c   Code   RO         1129    i.PWR_BackupAccessCmd  stm32f4xx_pwr.o
    0x08002afc   0x08002afc   0x00000018   Code   RO         1950    i.RCC_AHB1PeriphClockCmd  stm32f4xx_rcc.o
    0x08002b14   0x08002b14   0x00000018   Code   RO         1959    i.RCC_APB1PeriphClockCmd  stm32f4xx_rcc.o
    0x08002b2c   0x08002b2c   0x00000018   Code   RO         1962    i.RCC_APB2PeriphClockCmd  stm32f4xx_rcc.o
    0x08002b44   0x08002b44   0x00000090   Code   RO         1971    i.RCC_GetClocksFreq  stm32f4xx_rcc.o
    0x08002bd4   0x08002bd4   0x00000034   Code   RO         1972    i.RCC_GetFlagStatus  stm32f4xx_rcc.o
    0x08002c08   0x08002c08   0x0000000c   Code   RO         1982    i.RCC_LSICmd        stm32f4xx_rcc.o
    0x08002c14   0x08002c14   0x0000000c   Code   RO         1994    i.RCC_RTCCLKCmd     stm32f4xx_rcc.o
    0x08002c20   0x08002c20   0x00000030   Code   RO         1995    i.RCC_RTCCLKConfig  stm32f4xx_rcc.o
    0x08002c50   0x08002c50   0x00000012   Code   RO         1254    i.RTC_Bcd2ToByte    stm32f4xx_rtc.o
    0x08002c62   0x08002c62   0x00000018   Code   RO         1256    i.RTC_ByteToBcd2    stm32f4xx_rtc.o
    0x08002c7a   0x08002c7a   0x00000002   PAD
    0x08002c7c   0x08002c7c   0x0000001c   Code   RO         1260    i.RTC_ClearITPendingBit  stm32f4xx_rtc.o
    0x08002c98   0x08002c98   0x0000003c   Code   RO         1266    i.RTC_EnterInitMode  stm32f4xx_rtc.o
    0x08002cd4   0x08002cd4   0x00000010   Code   RO         1267    i.RTC_ExitInitMode  stm32f4xx_rtc.o
    0x08002ce4   0x08002ce4   0x0000004c   Code   RO         1270    i.RTC_GetDate       stm32f4xx_rtc.o
    0x08002d30   0x08002d30   0x00000038   Code   RO         1272    i.RTC_GetITStatus   stm32f4xx_rtc.o
    0x08002d68   0x08002d68   0x00000050   Code   RO         1275    i.RTC_GetTime       stm32f4xx_rtc.o
    0x08002db8   0x08002db8   0x00000040   Code   RO         1279    i.RTC_ITConfig      stm32f4xx_rtc.o
    0x08002df8   0x08002df8   0x00000050   Code   RO         1280    i.RTC_Init          stm32f4xx_rtc.o
    0x08002e48   0x08002e48   0x00000014   Code   RO         1283    i.RTC_ReadBackupRegister  stm32f4xx_rtc.o
    0x08002e5c   0x08002e5c   0x00000098   Code   RO         1286    i.RTC_SetDate       stm32f4xx_rtc.o
    0x08002ef4   0x08002ef4   0x000000a0   Code   RO         1287    i.RTC_SetTime       stm32f4xx_rtc.o
    0x08002f94   0x08002f94   0x0000001c   Code   RO         1288    i.RTC_SetWakeUpCounter  stm32f4xx_rtc.o
    0x08002fb0   0x08002fb0   0x0000004c   Code   RO         1099    i.RTC_WKUP_IRQHandler  rtc.o
    0x08002ffc   0x08002ffc   0x0000004c   Code   RO         1303    i.RTC_WaitForSynchro  stm32f4xx_rtc.o
    0x08003048   0x08003048   0x00000028   Code   RO         1304    i.RTC_WakeUpClockConfig  stm32f4xx_rtc.o
    0x08003070   0x08003070   0x00000058   Code   RO         1305    i.RTC_WakeUpCmd     stm32f4xx_rtc.o
    0x080030c8   0x080030c8   0x00000014   Code   RO         1306    i.RTC_WriteBackupRegister  stm32f4xx_rtc.o
    0x080030dc   0x080030dc   0x00000030   Code   RO         3084    i.SYSCFG_EXTILineConfig  stm32f4xx_syscfg.o
    0x0800310c   0x0800310c   0x000000b4   Code   RO          419    i.SetSysClock       system_stm32f4xx.o
    0x080031c0   0x080031c0   0x0000002c   Code   RO         4424    i.SysTick_Handler   port.o
    0x080031ec   0x080031ec   0x0000005c   Code   RO          421    i.SystemInit        system_stm32f4xx.o
    0x08003248   0x08003248   0x00000044   Code   RO          699    i.TIM3_IRQHandler   fpm383f.o
    0x0800328c   0x0800328c   0x00000006   Code   RO         2481    i.TIM_ClearITPendingBit  stm32f4xx_tim.o
    0x08003292   0x08003292   0x00000014   Code   RO         2486    i.TIM_Cmd           stm32f4xx_tim.o
    0x080032a6   0x080032a6   0x00000018   Code   RO         2507    i.TIM_GetITStatus   stm32f4xx_tim.o
    0x080032be   0x080032be   0x00000010   Code   RO         2511    i.TIM_ITConfig      stm32f4xx_tim.o
    0x080032ce   0x080032ce   0x00000002   PAD
    0x080032d0   0x080032d0   0x0000007c   Code   RO         2558    i.TIM_TimeBaseInit  stm32f4xx_tim.o
    0x0800334c   0x0800334c   0x0000005c   Code   RO          700    i.Tim3_Init         fpm383f.o
    0x080033a8   0x080033a8   0x00000068   Code   RO         1707    i.USART1_IRQHandler  usart.o
    0x08003410   0x08003410   0x0000004c   Code   RO          701    i.USART2_IRQHandler  fpm383f.o
    0x0800345c   0x0800345c   0x00000068   Code   RO         1708    i.USART3_IRQHandler  usart.o
    0x080034c4   0x080034c4   0x0000000c   Code   RO         2285    i.USART_ClearITPendingBit  stm32f4xx_usart.o
    0x080034d0   0x080034d0   0x00000014   Code   RO         2288    i.USART_Cmd         stm32f4xx_usart.o
    0x080034e4   0x080034e4   0x0000000e   Code   RO         2291    i.USART_GetFlagStatus  stm32f4xx_usart.o
    0x080034f2   0x080034f2   0x0000003e   Code   RO         2292    i.USART_GetITStatus  stm32f4xx_usart.o
    0x08003530   0x08003530   0x00000030   Code   RO         2294    i.USART_ITConfig    stm32f4xx_usart.o
    0x08003560   0x08003560   0x000000ac   Code   RO         2295    i.USART_Init        stm32f4xx_usart.o
    0x0800360c   0x0800360c   0x00000008   Code   RO         2302    i.USART_ReceiveData  stm32f4xx_usart.o
    0x08003614   0x08003614   0x00000008   Code   RO         2305    i.USART_SendData    stm32f4xx_usart.o
    0x0800361c   0x0800361c   0x00000002   Code   RO          338    i.UsageFault_Handler  stm32f4xx_it.o
    0x0800361e   0x0800361e   0x00000002   PAD
    0x08003620   0x08003620   0x000000b4   Code   RO         1709    i.Usart1_Init       usart.o
    0x080036d4   0x080036d4   0x000000a0   Code   RO         1710    i.Usart2_Init       usart.o
    0x08003774   0x08003774   0x000000a0   Code   RO         1711    i.Usart3_Init       usart.o
    0x08003814   0x08003814   0x00000068   Code   RO          504    i.Write_IIC_Byte    oled.o
    0x0800387c   0x0800387c   0x0000002e   Code   RO          505    i.Write_IIC_Command  oled.o
    0x080038aa   0x080038aa   0x0000002e   Code   RO          506    i.Write_IIC_Data    oled.o
    0x080038d8   0x080038d8   0x00000030   Code   RO         4730    i.__ARM_fpclassify  m_wm.l(fpclassify.o)
    0x08003908   0x08003908   0x0000000e   Code   RO         4553    i._is_digit         c_w.l(__printf_wp.o)
    0x08003916   0x08003916   0x00000002   Code   RO         1714    i._sys_exit         usart.o
    0x08003918   0x08003918   0x00000220   Code   RO            3    i.app_task_atte     main.o
    0x08003b38   0x08003b38   0x0000006c   Code   RO            4    i.app_task_beep     main.o
    0x08003ba4   0x08003ba4   0x000002cc   Code   RO            5    i.app_task_init     main.o
    0x08003e70   0x08003e70   0x0000040c   Code   RO            6    i.app_task_keyboard  main.o
    0x0800427c   0x0800427c   0x00000094   Code   RO            7    i.app_task_led      main.o
    0x08004310   0x08004310   0x000002b0   Code   RO            8    i.app_task_mod      main.o
    0x080045c0   0x080045c0   0x000000c0   Code   RO            9    i.app_task_oled     main.o
    0x08004680   0x08004680   0x000004d0   Code   RO           10    i.app_task_root     main.o
    0x08004b50   0x08004b50   0x00000198   Code   RO           11    i.app_task_rtc      main.o
    0x08004ce8   0x08004ce8   0x000000ec   Code   RO           12    i.app_task_show     main.o
    0x08004dd4   0x08004dd4   0x00000040   Code   RO         1003    i.beep_init         beep.o
    0x08004e14   0x08004e14   0x00000010   Code   RO         1004    i.beep_off          beep.o
    0x08004e24   0x08004e24   0x00000010   Code   RO         1005    i.beep_on           beep.o
    0x08004e34   0x08004e34   0x00000014   Code   RO          702    i.check_sum         fpm383f.o
    0x08004e48   0x08004e48   0x00000030   Code   RO           13    i.dgb_printf_safe   main.o
    0x08004e78   0x08004e78   0x0000005c   Code   RO           14    i.exceptions_catch  main.o
    0x08004ed4   0x08004ed4   0x0000002c   Code   RO         1631    i.flash_erase_record  flash.o
    0x08004f00   0x08004f00   0x00000020   Code   RO         1632    i.flash_read_record  flash.o
    0x08004f20   0x08004f20   0x00000074   Code   RO         1633    i.flash_write_record  flash.o
    0x08004f94   0x08004f94   0x0000002c   Code   RO          703    i.fpm_ctrl_led      fpm383f.o
    0x08004fc0   0x08004fc0   0x000000cc   Code   RO          704    i.fpm_empty         fpm383f.o
    0x0800508c   0x0800508c   0x0000014c   Code   RO          705    i.fpm_enroll_auto   fpm383f.o
    0x080051d8   0x080051d8   0x000000f4   Code   RO          707    i.fpm_id_total      fpm383f.o
    0x080052cc   0x080052cc   0x000001a0   Code   RO          708    i.fpm_idenify_auto  fpm383f.o
    0x0800546c   0x0800546c   0x0000001a   Code   RO          709    i.fpm_init          fpm383f.o
    0x08005486   0x08005486   0x00000002   PAD
    0x08005488   0x08005488   0x0000003c   Code   RO          710    i.fpm_send_data     fpm383f.o
    0x080054c4   0x080054c4   0x00000020   Code   RO          711    i.fpm_sleep         fpm383f.o
    0x080054e4   0x080054e4   0x00000068   Code   RO          712    i.fpm_touch_init    fpm383f.o
    0x0800554c   0x0800554c   0x00000014   Code   RO         1715    i.fputc             usart.o
    0x08005560   0x08005560   0x00000158   Code   RO          670    i.get_key_board     keyboard.o
    0x080056b8   0x080056b8   0x000000cc   Code   RO          671    i.key_board_init    keyboard.o
    0x08005784   0x08005784   0x000000f8   Code   RO         1040    i.key_init          key.o
    0x0800587c   0x0800587c   0x0000007c   Code   RO           15    i.main              main.o
    0x080058f8   0x080058f8   0x00000024   Code   RO          509    i.oled_sda_pin_mode  oled.o
    0x0800591c   0x0800591c   0x00000070   Code   RO         3899    i.prvAddCurrentTaskToDelayedList  tasks.o
    0x0800598c   0x0800598c   0x000000d0   Code   RO         3900    i.prvAddNewTaskToReadyList  tasks.o
    0x08005a5c   0x08005a5c   0x00000050   Code   RO         4229    i.prvCheckForValidListAndQueue  timers.o
    0x08005aac   0x08005aac   0x00000026   Code   RO         3551    i.prvCopyDataFromQueue  queue.o
    0x08005ad2   0x08005ad2   0x0000006c   Code   RO         3552    i.prvCopyDataToQueue  queue.o
    0x08005b3e   0x08005b3e   0x00000014   Code   RO         3901    i.prvDeleteTCB      tasks.o
    0x08005b52   0x08005b52   0x00000002   PAD
    0x08005b54   0x08005b54   0x0000004c   Code   RO         4371    i.prvHeapInit       heap_4.o
    0x08005ba0   0x08005ba0   0x00000060   Code   RO         3902    i.prvIdleTask       tasks.o
    0x08005c00   0x08005c00   0x0000009c   Code   RO         3903    i.prvInitialiseNewTask  tasks.o
    0x08005c9c   0x08005c9c   0x0000004c   Code   RO         4372    i.prvInsertBlockIntoFreeList  heap_4.o
    0x08005ce8   0x08005ce8   0x00000038   Code   RO         4230    i.prvInsertTimerInActiveList  timers.o
    0x08005d20   0x08005d20   0x0000001a   Code   RO         3553    i.prvIsQueueEmpty   queue.o
    0x08005d3a   0x08005d3a   0x00000002   PAD
    0x08005d3c   0x08005d3c   0x000000c4   Code   RO         4231    i.prvProcessReceivedCommands  timers.o
    0x08005e00   0x08005e00   0x000000b4   Code   RO         4232    i.prvProcessTimerOrBlockTask  timers.o
    0x08005eb4   0x08005eb4   0x00000020   Code   RO         3905    i.prvResetNextTaskUnblockTime  tasks.o
    0x08005ed4   0x08005ed4   0x00000028   Code   RO         4233    i.prvSampleTimeNow  timers.o
    0x08005efc   0x08005efc   0x0000006c   Code   RO         4234    i.prvSwitchTimerLists  timers.o
    0x08005f68   0x08005f68   0x00000028   Code   RO         4425    i.prvTaskExitError  port.o
    0x08005f90   0x08005f90   0x00000034   Code   RO         3906    i.prvTaskIsTaskSuspended  tasks.o
    0x08005fc4   0x08005fc4   0x00000014   Code   RO         3398    i.prvTestWaitCondition  event_groups.o
    0x08005fd8   0x08005fd8   0x00000028   Code   RO         4235    i.prvTimerTask      timers.o
    0x08006000   0x08006000   0x0000006a   Code   RO         3554    i.prvUnlockQueue    queue.o
    0x0800606a   0x0800606a   0x00000002   PAD
    0x0800606c   0x0800606c   0x000000dc   Code   RO         4373    i.pvPortMalloc      heap_4.o
    0x08006148   0x08006148   0x00000018   Code   RO         3907    i.pvTaskIncrementMutexHeldCount  tasks.o
    0x08006160   0x08006160   0x0000002c   Code   RO         4426    i.pxPortInitialiseStack  port.o
    0x0800618c   0x0800618c   0x000000f0   Code   RO         1100    i.rtc_init          rtc.o
    0x0800627c   0x0800627c   0x00000038   Code   RO          713    i.usart2_printf_recv_buf  fpm383f.o
    0x080062b4   0x080062b4   0x00000026   Code   RO         3511    i.uxListRemove      list.o
    0x080062da   0x080062da   0x00000002   PAD
    0x080062dc   0x080062dc   0x00000018   Code   RO         3914    i.uxTaskResetEventItemValue  tasks.o
    0x080062f4   0x080062f4   0x00000002   Code   RO           16    i.vApplicationIdleHook  main.o
    0x080062f6   0x080062f6   0x00000010   Code   RO           17    i.vApplicationMallocFailedHook  main.o
    0x08006306   0x08006306   0x00000002   PAD
    0x08006308   0x08006308   0x00000050   Code   RO           18    i.vApplicationStackOverflowHook  main.o
    0x08006358   0x08006358   0x00000002   Code   RO           19    i.vApplicationTickHook  main.o
    0x0800635a   0x0800635a   0x00000004   Code   RO         3402    i.vEventGroupSetBitsCallback  event_groups.o
    0x0800635e   0x0800635e   0x00000016   Code   RO         3512    i.vListInitialise   list.o
    0x08006374   0x08006374   0x00000006   Code   RO         3513    i.vListInitialiseItem  list.o
    0x0800637a   0x0800637a   0x00000030   Code   RO         3514    i.vListInsert       list.o
    0x080063aa   0x080063aa   0x00000018   Code   RO         3515    i.vListInsertEnd    list.o
    0x080063c2   0x080063c2   0x00000002   PAD
    0x080063c4   0x080063c4   0x00000040   Code   RO         4428    i.vPortEnterCritical  port.o
    0x08006404   0x08006404   0x00000028   Code   RO         4429    i.vPortExitCritical  port.o
    0x0800642c   0x0800642c   0x0000005c   Code   RO         4374    i.vPortFree         heap_4.o
    0x08006488   0x08006488   0x00000024   Code   RO         4430    i.vPortSetupTimerInterrupt  port.o
    0x080064ac   0x080064ac   0x00000054   Code   RO         4431    i.vPortValidateInterruptPriority  port.o
    0x08006500   0x08006500   0x00000024   Code   RO         3560    i.vQueueAddToRegistry  queue.o
    0x08006524   0x08006524   0x00000044   Code   RO         3564    i.vQueueWaitForMessageRestricted  queue.o
    0x08006568   0x08006568   0x0000004c   Code   RO         3915    i.vTaskDelay        tasks.o
    0x080065b4   0x080065b4   0x000000ac   Code   RO         3917    i.vTaskDelete       tasks.o
    0x08006660   0x08006660   0x00000010   Code   RO         3920    i.vTaskInternalSetTimeOutState  tasks.o
    0x08006670   0x08006670   0x0000000c   Code   RO         3921    i.vTaskMissedYield  tasks.o
    0x0800667c   0x0800667c   0x00000030   Code   RO         3923    i.vTaskPlaceOnEventList  tasks.o
    0x080066ac   0x080066ac   0x00000038   Code   RO         3924    i.vTaskPlaceOnEventListRestricted  tasks.o
    0x080066e4   0x080066e4   0x0000004c   Code   RO         3925    i.vTaskPlaceOnUnorderedEventList  tasks.o
    0x08006730   0x08006730   0x000000ac   Code   RO         3926    i.vTaskPriorityDisinheritAfterTimeout  tasks.o
    0x080067dc   0x080067dc   0x00000070   Code   RO         3928    i.vTaskRemoveFromUnorderedEventList  tasks.o
    0x0800684c   0x0800684c   0x0000007c   Code   RO         3929    i.vTaskResume       tasks.o
    0x080068c8   0x080068c8   0x00000070   Code   RO         3932    i.vTaskStartScheduler  tasks.o
    0x08006938   0x08006938   0x000000bc   Code   RO         3933    i.vTaskSuspend      tasks.o
    0x080069f4   0x080069f4   0x00000010   Code   RO         3934    i.vTaskSuspendAll   tasks.o
    0x08006a04   0x08006a04   0x00000088   Code   RO         3935    i.vTaskSwitchContext  tasks.o
    0x08006a8c   0x08006a8c   0x0000001a   Code   RO         3406    i.xEventGroupCreate  event_groups.o
    0x08006aa6   0x08006aa6   0x0000008c   Code   RO         3408    i.xEventGroupSetBits  event_groups.o
    0x08006b32   0x08006b32   0x00000002   PAD
    0x08006b34   0x08006b34   0x00000010   Code   RO         3409    i.xEventGroupSetBitsFromISR  event_groups.o
    0x08006b44   0x08006b44   0x00000108   Code   RO         3411    i.xEventGroupWaitBits  event_groups.o
    0x08006c4c   0x08006c4c   0x000000f4   Code   RO         4432    i.xPortStartScheduler  port.o
    0x08006d40   0x08006d40   0x00000024   Code   RO         3566    i.xQueueCreateMutex  queue.o
    0x08006d64   0x08006d64   0x00000052   Code   RO         3567    i.xQueueGenericCreate  queue.o
    0x08006db6   0x08006db6   0x00000002   PAD
    0x08006db8   0x08006db8   0x00000088   Code   RO         3568    i.xQueueGenericReset  queue.o
    0x08006e40   0x08006e40   0x00000164   Code   RO         3569    i.xQueueGenericSend  queue.o
    0x08006fa4   0x08006fa4   0x000000bc   Code   RO         3570    i.xQueueGenericSendFromISR  queue.o
    0x08007060   0x08007060   0x00000138   Code   RO         3577    i.xQueueReceive     queue.o
    0x08007198   0x08007198   0x00000178   Code   RO         3579    i.xQueueSemaphoreTake  queue.o
    0x08007310   0x08007310   0x00000074   Code   RO         3936    i.xTaskCheckForTimeOut  tasks.o
    0x08007384   0x08007384   0x00000056   Code   RO         3937    i.xTaskCreate       tasks.o
    0x080073da   0x080073da   0x00000002   PAD
    0x080073dc   0x080073dc   0x0000001c   Code   RO         3941    i.xTaskGetSchedulerState  tasks.o
    0x080073f8   0x080073f8   0x0000000c   Code   RO         3942    i.xTaskGetTickCount  tasks.o
    0x08007404   0x08007404   0x000000c0   Code   RO         3944    i.xTaskIncrementTick  tasks.o
    0x080074c4   0x080074c4   0x00000098   Code   RO         3947    i.xTaskPriorityDisinherit  tasks.o
    0x0800755c   0x0800755c   0x00000094   Code   RO         3948    i.xTaskPriorityInherit  tasks.o
    0x080075f0   0x080075f0   0x00000078   Code   RO         3949    i.xTaskRemoveFromEventList  tasks.o
    0x08007668   0x08007668   0x000000c4   Code   RO         3950    i.xTaskResumeAll    tasks.o
    0x0800772c   0x0800772c   0x0000004c   Code   RO         4241    i.xTimerCreateTimerTask  timers.o
    0x08007778   0x08007778   0x00000064   Code   RO         4242    i.xTimerGenericCommand  timers.o
    0x080077dc   0x080077dc   0x00000028   Code   RO         4248    i.xTimerPendFunctionCallFromISR  timers.o
    0x08007804   0x08007804   0x00000014   Code   RO         1605    i.xor_decryption    global.o
    0x08007818   0x08007818   0x00000014   Code   RO         1606    i.xor_encryption    global.o
    0x0800782c   0x0800782c   0x0000002c   Code   RO         4717    locale$$code        c_w.l(lc_numeric_c.o)
    0x08007858   0x08007858   0x0000002c   Code   RO         4738    locale$$code        c_w.l(lc_ctype_c.o)
    0x08007884   0x08007884   0x0000000a   Code   RO         4796    x$fpl$fpinit        fz_wm.l(fpinit.o)
    0x0800788e   0x0800788e   0x00000004   Code   RO         4645    x$fpl$printf1       fz_wm.l(printf1.o)
    0x08007892   0x08007892   0x00000000   Code   RO         4729    x$fpl$usenofp       fz_wm.l(usenofp.o)
    0x08007892   0x08007892   0x00000002   PAD
    0x08007894   0x08007894   0x00000042   Data   RO           20    .constdata          main.o
    0x080078d6   0x080078d6   0x00000818   Data   RO          510    .constdata          oled.o
    0x080080ee   0x080080ee   0x00000030   Data   RO          715    .constdata          fpm383f.o
    0x0800811e   0x0800811e   0x00000028   Data   RO         4541    .constdata          c_w.l(_printf_hex_int_ll_ptr.o)
    0x08008146   0x08008146   0x00000011   Data   RO         4561    .constdata          c_w.l(__printf_flags_ss_wp.o)
    0x08008157   0x08008157   0x00000001   PAD
    0x08008158   0x08008158   0x00000008   Data   RO         4607    .constdata          c_w.l(_printf_wctomb.o)
    0x08008160   0x08008160   0x00000094   Data   RO         4692    .constdata          c_w.l(bigflt0.o)
    0x080081f4   0x080081f4   0x00000020   Data   RO         4862    Region$$Table       anon$$obj.o
    0x08008214   0x08008214   0x0000001c   Data   RO         4716    locale$$data        c_w.l(lc_numeric_c.o)
    0x08008230   0x08008230   0x00000110   Data   RO         4737    locale$$data        c_w.l(lc_ctype_c.o)


    Execution Region RW_IRAM1 (Exec base: 0x20000000, Load base: 0x08008340, Size: 0x00013fa0, Max: 0x00020000, ABSOLUTE, COMPRESSED[0x00000320])

    Exec Addr    Load Addr    Size         Type   Attr      Idx    E Section Name        Object

    0x20000000   COMPRESSED   0x000000fa   Data   RW           21    .data               main.o
    0x200000fa   COMPRESSED   0x00000002   PAD
    0x200000fc   COMPRESSED   0x00000014   Data   RW          422    .data               system_stm32f4xx.o
    0x20000110   COMPRESSED   0x00000748   Data   RW          511    .data               oled.o
    0x20000858   COMPRESSED   0x00000008   Data   RW          672    .data               keyboard.o
    0x20000860   COMPRESSED   0x00000028   Data   RW          716    .data               fpm383f.o
    0x20000888   COMPRESSED   0x00000010   Data   RW         1041    .data               key.o
    0x20000898   COMPRESSED   0x00000014   Data   RW         1102    .data               rtc.o
    0x200008ac   COMPRESSED   0x00000018   Data   RW         1719    .data               usart.o
    0x200008c4   COMPRESSED   0x00000004   Data   RW         1724    .data               usart.o
    0x200008c8   COMPRESSED   0x00000010   Data   RW         2003    .data               stm32f4xx_rcc.o
    0x200008d8   COMPRESSED   0x0000003c   Data   RW         3953    .data               tasks.o
    0x20000914   COMPRESSED   0x00000014   Data   RW         4250    .data               timers.o
    0x20000928   COMPRESSED   0x00000018   Data   RW         4379    .data               heap_4.o
    0x20000940   COMPRESSED   0x0000000c   Data   RW         4433    .data               port.o
    0x2000094c        -       0x0000004c   Zero   RW          714    .bss                fpm383f.o
    0x20000998        -       0x0000000c   Zero   RW         1101    .bss                rtc.o
    0x200009a4        -       0x00000050   Zero   RW         1716    .bss                usart.o
    0x200009f4        -       0x00000040   Zero   RW         3581    .bss                queue.o
    0x20000a34        -       0x000002e4   Zero   RW         3952    .bss                tasks.o
    0x20000d18        -       0x00000028   Zero   RW         4249    .bss                timers.o
    0x20000d40        -       0x00012c00   Zero   RW         4378    .bss                heap_4.o
    0x20013940        -       0x00000060   Zero   RW         4733    .bss                c_w.l(libspace.o)
    0x200139a0        -       0x00000200   Zero   RW         1800    HEAP                startup_stm32f40_41xxx.o
    0x20013ba0        -       0x00000400   Zero   RW         1799    STACK               startup_stm32f40_41xxx.o


==============================================================================

Image component sizes


      Code (inc. data)   RO Data    RW Data    ZI Data      Debug   Object Name

        96         22          0          0          0       1757   beep.o
        84          8          0          0          0       1406   delay.o
       470         10          0          0          0      17248   event_groups.o
       192         78          0          0          0       3322   flash.o
      1810        646         48         40         76     276081   fpm383f.o
        40          0          0          0          0       1634   global.o
       464         22          0         24      76800       4931   heap_4.o
       520         58          0         16          0       3531   key.o
       548         54          0          8          0       2193   keyboard.o
       100          8          0          0          0        663   led.o
       138          0          0          0          0       3862   list.o
      5672       1716         66        250          0     368075   main.o
       120         14          0          0          0       1843   misc.o
      1224         76       2072       1864          0      20091   oled.o
       786         80          0         12          0      12053   port.o
      1868         22          0          0         64      17296   queue.o
       316         16          0         20         12       1865   rtc.o
        68         26        392          0       1536        908   startup_stm32f40_41xxx.o
       144         14          0          0          0       2596   stm32f4xx_exti.o
       306         32          0          0          0       4924   stm32f4xx_flash.o
       160          0          0          0          0       3367   stm32f4xx_gpio.o
       214        132          0          0          0       5345   stm32f4xx_it.o
        12          6          0          0          0        630   stm32f4xx_pwr.o
       340         56          0         16          0       8087   stm32f4xx_rcc.o
      1086        104          0          0          0      14442   stm32f4xx_rtc.o
        48          6          0          0          0        772   stm32f4xx_syscfg.o
       190         28          0          0          0       5357   stm32f4xx_tim.o
       344          8          0          0          0       7163   stm32f4xx_usart.o
       272         36          0         20          0       2157   system_stm32f4xx.o
      3090        256          0         60        740      32137   tasks.o
       916         90          0         20         40      18003   timers.o
       730         82          0         28         80       7580   usart.o

    ----------------------------------------------------------------------
     22402       3706       2610       2380      79348     851319   Object Totals
         0          0         32          0          0          0   (incl. Generated)
        34          0          0          2          0          0   (incl. Padding)

    ----------------------------------------------------------------------

      Code (inc. data)   RO Data    RW Data    ZI Data      Debug   Library Member Name

        60          8          0          0          0         84   __0sscanf.o
        24          4          0          0          0         84   __2printf.o
        44          6          0          0          0         84   __2sprintf.o
        58          0          0          0          0          0   __dczerorl.o
         8          0          0          0          0         68   __main.o
       392          4         17          0          0         92   __printf_flags_ss_wp.o
        14          0          0          0          0         68   __printf_wp.o
         0          0          0          0          0          0   __rtentry.o
        12          0          0          0          0          0   __rtentry2.o
         6          0          0          0          0          0   __rtentry4.o
        52          8          0          0          0          0   __scatter.o
        28          0          0          0          0          0   __scatter_zi.o
        28          0          0          0          0         68   _chval.o
         6          0          0          0          0          0   _printf_a.o
         6          0          0          0          0          0   _printf_c.o
        44          0          0          0          0        108   _printf_char.o
        48          6          0          0          0         96   _printf_char_common.o
        36          4          0          0          0         80   _printf_char_file.o
        40          0          0          0          0         68   _printf_charcount.o
         6          0          0          0          0          0   _printf_d.o
       120         16          0          0          0         92   _printf_dec.o
         6          0          0          0          0          0   _printf_e.o
         6          0          0          0          0          0   _printf_f.o
      1054          0          0          0          0        216   _printf_fp_dec.o
       128         16          0          0          0         84   _printf_fp_infnan.o
         6          0          0          0          0          0   _printf_g.o
       148          4         40          0          0        160   _printf_hex_int_ll_ptr.o
         6          0          0          0          0          0   _printf_i.o
       178          0          0          0          0         88   _printf_intcommon.o
        10          0          0          0          0          0   _printf_l.o
         6          0          0          0          0          0   _printf_lc.o
        10          0          0          0          0          0   _printf_ll.o
         6          0          0          0          0          0   _printf_lld.o
         6          0          0          0          0          0   _printf_lli.o
         6          0          0          0          0          0   _printf_llo.o
         6          0          0          0          0          0   _printf_llu.o
         6          0          0          0          0          0   _printf_llx.o
       124         16          0          0          0         92   _printf_longlong_dec.o
         6          0          0          0          0          0   _printf_ls.o
         6          0          0          0          0          0   _printf_n.o
         6          0          0          0          0          0   _printf_o.o
       112         10          0          0          0        124   _printf_oct_int_ll.o
         6          0          0          0          0          0   _printf_p.o
        78          0          0          0          0        108   _printf_pad.o
         0          0          0          0          0          0   _printf_percent.o
         4          0          0          0          0          0   _printf_percent_end.o
         6          0          0          0          0          0   _printf_s.o
        82          0          0          0          0         80   _printf_str.o
        36          0          0          0          0         84   _printf_truncate.o
         6          0          0          0          0          0   _printf_u.o
        44          0          0          0          0        108   _printf_wchar.o
       188          6          8          0          0         92   _printf_wctomb.o
         6          0          0          0          0          0   _printf_x.o
       884          4          0          0          0        100   _scanf.o
       332          0          0          0          0         96   _scanf_int.o
        64          0          0          0          0         84   _sgetc.o
        10          0          0          0          0         68   _sputc.o
        64          0          0          0          0         92   _wcrtomb.o
        16          0          0          0          0         68   aeabi_memset.o
       228          4        148          0          0         96   bigflt0.o
      1936        128          0          0          0        672   btod.o
        12          4          0          0          0         68   c89vprintf.o
        18          0          0          0          0         80   exit.o
         8          0          0          0          0         68   ferror.o
         6          0          0          0          0        152   heapauxi.o
        18          0          0          0          0         76   isspace.o
        44         10        272          0          0         76   lc_ctype_c.o
        44         10         28          0          0         76   lc_numeric_c.o
         2          0          0          0          0          0   libinit.o
        34          0          0          0          0          0   libinit2.o
         2          0          0          0          0          0   libshutdown.o
         2          0          0          0          0          0   libshutdown2.o
         8          4          0          0         96         68   libspace.o
       138          0          0          0          0         80   lludiv10.o
        88          0          0          0          0         76   memcmp.o
        16          4          0          0          0         76   rt_ctype_table.o
         8          4          0          0          0         68   rt_locale_intlibspace.o
        68          0          0          0          0         68   rt_memclr.o
        78          0          0          0          0         80   rt_memclr_w.o
       138          0          0          0          0         68   rt_memcpy_v6.o
       100          0          0          0          0         80   rt_memcpy_w.o
         2          0          0          0          0          0   rtexit.o
        10          0          0          0          0          0   rtexit2.o
        44          8          0          0          0         84   scanf_char.o
       128          0          0          0          0         68   strcmpv7m.o
        36          0          0          0          0         80   strstr.o
        74          0          0          0          0         80   sys_stackheap_outer.o
         2          0          0          0          0         68   use_no_semi.o
         2          0          0          0          0         68   use_no_semi_2.o
        10          0          0          0          0        116   fpinit.o
         4          0          0          0          0        116   printf1.o
         0          0          0          0          0          0   usenofp.o
        48          0          0          0          0        124   fpclassify.o

    ----------------------------------------------------------------------
      8074        288        514          0         96       5568   Library Totals
        18          0          1          0          0          0   (incl. Padding)

    ----------------------------------------------------------------------

      Code (inc. data)   RO Data    RW Data    ZI Data      Debug   Library Name

      7994        288        513          0         96       5212   c_w.l
        14          0          0          0          0        232   fz_wm.l
        48          0          0          0          0        124   m_wm.l

    ----------------------------------------------------------------------
      8074        288        514          0         96       5568   Library Totals

    ----------------------------------------------------------------------

==============================================================================


      Code (inc. data)   RO Data    RW Data    ZI Data      Debug   

     30476       3994       3124       2380      79444     832623   Grand Totals
     30476       3994       3124        800      79444     832623   ELF Image Totals (compressed)
     30476       3994       3124        800          0          0   ROM Totals

==============================================================================

    Total RO  Size (Code + RO Data)                33600 (  32.81kB)
    Total RW  Size (RW Data + ZI Data)             81824 (  79.91kB)
    Total ROM Size (Code + RO Data + RW Data)      34400 (  33.59kB)

==============================================================================

